<?xml version="1.0" encoding="utf-8"?><testsuites name="pytest tests"><testsuite name="pytest" errors="0" failures="1" skipped="145" tests="698" time="36.922" timestamp="2025-11-27T14:51:32.513102+00:00" hostname="runnervmfxdz0"><testcase classname="" name="tests.unit.api.test_auth_direct" time="0.000"><skipped message="collection skipped">('/home/runner/work/FootballPrediction/FootballPrediction/tests/unit/api/test_auth_direct.py', 11, 'Skipped: Skipping entire file for CI baseline - email_validator dependency issues')</skipped></testcase><testcase classname="tests.unit.adapters.test_adapters_standalone.TestAdapterStatus" name="test_adapter_status_enum_values" time="0.076" /><testcase classname="tests.unit.adapters.test_adapters_standalone.TestAdapterStatus" name="test_adapter_status_enum_count" time="0.001" /><testcase classname="tests.unit.adapters.test_adapters_standalone.TestAdaptee" name="test_mock_adaptee_initialization" time="0.001" /><testcase classname="tests.unit.adapters.test_adapters_standalone.TestAdaptee" name="test_mock_adaptee_get_data" time="0.003" /><testcase classname="tests.unit.adapters.test_adapters_standalone.TestAdaptee" name="test_mock_adaptee_send_data" time="0.001" /><testcase classname="tests.unit.adapters.test_adapters_standalone.TestAdaptee" name="test_adaptee_interface_is_abstract" time="0.001" /><testcase classname="tests.unit.adapters.test_adapters_standalone.TestTarget" name="test_mock_target_initialization" time="0.001" /><testcase classname="tests.unit.adapters.test_adapters_standalone.TestTarget" name="test_mock_target_request" time="0.001" /><testcase classname="tests.unit.adapters.test_adapters_standalone.TestTarget" name="test_target_interface_is_abstract" time="0.001" /><testcase classname="tests.unit.adapters.test_adapters_standalone.TestAdapter" name="test_mock_adapter_initialization" time="0.001" /><testcase classname="tests.unit.adapters.test_adapters_standalone.TestAdapter" name="test_mock_adapter_request_get_action" time="0.001" /><testcase classname="tests.unit.adapters.test_adapters_standalone.TestAdapter" name="test_mock_adapter_request_send_action" time="0.001" /><testcase classname="tests.unit.adapters.test_adapters_standalone.TestAdapter" name="test_mock_adapter_request_default_action" time="0.001" /><testcase classname="tests.unit.adapters.test_adapters_standalone.TestBaseAdapter" name="test_base_adapter_is_abstract" time="0.001" /><testcase classname="tests.unit.adapters.test_adapters_standalone.TestDataTransformer" name="test_mock_data_transformer_initialization" time="0.001" /><testcase classname="tests.unit.adapters.test_adapters_standalone.TestDataTransformer" name="test_mock_data_transformer_transform_dict" time="0.001" /><testcase classname="tests.unit.adapters.test_adapters_standalone.TestDataTransformer" name="test_mock_data_transformer_transform_string" time="0.001" /><testcase classname="tests.unit.adapters.test_adapters_standalone.TestDataTransformer" name="test_data_transformer_interface_is_abstract" time="0.001" /><testcase classname="tests.unit.adapters.test_adapters_standalone.TestCompositeAdapter" name="test_composite_adapter_initialization" time="0.001" /><testcase classname="tests.unit.adapters.test_adapters_standalone.TestCompositeAdapter" name="test_composite_adapter_get_source_schema" time="0.001" /><testcase classname="tests.unit.adapters.test_adapters_standalone.TestCompositeAdapter" name="test_composite_adapter_add_adapter" time="0.001" /><testcase classname="tests.unit.adapters.test_adapters_standalone.TestCompositeAdapter" name="test_composite_adapter_remove_adapter" time="0.001" /><testcase classname="tests.unit.adapters.test_adapters_standalone.TestCompositeAdapter" name="test_composite_adapter_get_adapter" time="0.001" /><testcase classname="tests.unit.adapters.test_adapters_standalone.TestCompositeAdapter" name="test_composite_adapter_request_with_no_adapters" time="0.001" /><testcase classname="tests.unit.adapters.test_adapters_standalone.TestCompositeAdapter" name="test_composite_adapter_request_with_single_adapter" time="0.002" /><testcase classname="tests.unit.adapters.test_adapters_standalone.TestCompositeAdapter" name="test_composite_adapter_request_with_multiple_adapters" time="0.002" /><testcase classname="tests.unit.adapters.test_adapters_standalone.TestCompositeAdapter" name="test_composite_adapter_request_with_exception_handling" time="0.002" /><testcase classname="tests.unit.adapters.test_adapters_standalone.TestCompositeAdapter" name="test_composite_adapter_get_metrics" time="0.001" /><testcase classname="tests.unit.adapters.test_adapters_standalone.TestAdapterIntegration" name="test_full_adapter_workflow" time="0.002" /><testcase classname="tests.unit.adapters.test_adapters_standalone.TestAdapterIntegration" name="test_adapter_pattern_core_concept" time="0.001" /><testcase classname="tests.unit.adapters.test_adapters_standalone.TestAdapterIntegration" name="test_composite_adapter_multiple_sources" time="0.002" /><testcase classname="tests.unit.adapters.test_adapters_standalone.TestAdapterIntegration" name="test_adapter_error_resilience" time="0.002" /><testcase classname="tests.unit.adapters.test_base_module.TestAdapterStatusFromBaseModule" name="test_adapter_status_enum_values_from_base_module" time="0.001" /><testcase classname="tests.unit.adapters.test_base_module.TestAdapterStatusFromBaseModule" name="test_adapter_status_enum_count_from_base_module" time="0.001" /><testcase classname="tests.unit.adapters.test_base_module.TestBasicFunctionality" name="test_mock_adaptee_creation" time="0.001" /><testcase classname="tests.unit.adapters.test_base_module.TestBasicFunctionality" name="test_mock_target_creation" time="0.001" /><testcase classname="tests.unit.adapters.test_base_module.TestBasicFunctionality" name="test_mock_adapter_creation" time="0.001" /><testcase classname="tests.unit.adapters.test_base_module.TestBasicFunctionality" name="test_basic_adapter_request" time="0.001" /><testcase classname="tests.unit.adapters.test_base_module.TestBasicFunctionality" name="test_mock_transformer_creation" time="0.001" /><testcase classname="tests.unit.adapters.test_base_module.TestBasicFunctionality" name="test_data_transformation" time="0.001" /><testcase classname="tests.unit.api.test_api_endpoint" name="test_data_sources_directly" time="0.000"><skipped type="pytest.skip" message="Skipped by CI stabilization process">/home/runner/work/FootballPrediction/FootballPrediction/tests/unit/api/test_api_endpoint.py:40: Skipped by CI stabilization process</skipped></testcase><testcase classname="tests.unit.api.test_api_simple.TestAPIBasics" name="test_app_startup" time="0.065" /><testcase classname="tests.unit.api.test_api_simple.TestAPIBasics" name="test_health_endpoint_basic" time="0.004" /><testcase classname="tests.unit.api.test_api_simple.TestAPIBasics" name="test_detailed_health_endpoint" time="0.003" /><testcase classname="tests.unit.api.test_api_simple.TestMockFunctionality" name="test_mock_class_creation" time="0.001" /><testcase classname="tests.unit.api.test_api_simple.TestMockFunctionality" name="test_mock_class_bool" time="0.000"><skipped type="pytest.skip" message="Skipped by CI stabilization process">/home/runner/work/FootballPrediction/FootballPrediction/tests/unit/api/test_api_simple.py:111: Skipped by CI stabilization process</skipped></testcase><testcase classname="tests.unit.api.test_api_simple.TestMockFunctionality" name="test_mock_class_iteration" time="0.000"><skipped type="pytest.skip" message="Skipped by CI stabilization process">/home/runner/work/FootballPrediction/FootballPrediction/tests/unit/api/test_api_simple.py:116: Skipped by CI stabilization process</skipped></testcase><testcase classname="tests.unit.api.test_api_simple.TestMockFunctionality" name="test_fastapi_mock_available" time="0.001" /><testcase classname="tests.unit.api.test_api_simple.TestIntegrationScenarios" name="test_full_test_flow" time="0.000"><skipped type="pytest.skip" message="Skipped by CI stabilization process">/home/runner/work/FootballPrediction/FootballPrediction/tests/unit/api/test_api_simple.py:132: Skipped by CI stabilization process</skipped></testcase><testcase classname="tests.unit.api.test_api_simple.TestIntegrationScenarios" name="test_error_handling" time="0.000"><skipped type="pytest.skip" message="Skipped by CI stabilization process">/home/runner/work/FootballPrediction/FootballPrediction/tests/unit/api/test_api_simple.py:143: Skipped by CI stabilization process</skipped></testcase><testcase classname="tests.unit.api.test_api_simple.TestIntegrationScenarios" name="test_chained_mock_calls" time="0.000"><skipped type="pytest.skip" message="Skipped by CI stabilization process">/home/runner/work/FootballPrediction/FootballPrediction/tests/unit/api/test_api_simple.py:153: Skipped by CI stabilization process</skipped></testcase><testcase classname="tests.unit.api.test_auth_comprehensive.TestAuthModels" name="test_user_register_model_valid" time="0.001" /><testcase classname="tests.unit.api.test_auth_comprehensive.TestAuthModels" name="test_user_register_model_invalid_email" time="0.001" /><testcase classname="tests.unit.api.test_auth_comprehensive.TestAuthModels" name="test_user_register_model_short_password" time="0.001" /><testcase classname="tests.unit.api.test_auth_comprehensive.TestAuthModels" name="test_user_login_model_valid" time="0.001" /><testcase classname="tests.unit.api.test_auth_comprehensive.TestAuthModels" name="test_token_response_model_valid" time="0.001" /><testcase classname="tests.unit.api.test_auth_comprehensive.TestAuthModels" name="test_password_change_request_model_valid" time="0.001" /><testcase classname="tests.unit.api.test_auth_comprehensive.TestAuthModels" name="test_password_reset_request_model_valid" time="0.001" /><testcase classname="tests.unit.api.test_auth_comprehensive.TestUserAuthentication" name="test_authenticate_user_success_by_username" time="0.007" /><testcase classname="tests.unit.api.test_auth_comprehensive.TestUserAuthentication" name="test_authenticate_user_success_by_email" time="0.002" /><testcase classname="tests.unit.api.test_auth_comprehensive.TestUserAuthentication" name="test_authenticate_user_wrong_username" time="0.002" /><testcase classname="tests.unit.api.test_auth_comprehensive.TestUserAuthentication" name="test_authenticate_user_wrong_password" time="0.002" /><testcase classname="tests.unit.api.test_auth_comprehensive.TestUserAuthentication" name="test_authenticate_user_nonexistent_email" time="0.002" /><testcase classname="tests.unit.api.test_auth_comprehensive.TestUserAuthentication" name="test_get_user_by_id_success" time="0.001" /><testcase classname="tests.unit.api.test_auth_comprehensive.TestUserAuthentication" name="test_get_user_by_id_not_found" time="0.001" /><testcase classname="tests.unit.api.test_auth_comprehensive.TestUserCreation" name="test_create_user_success" time="0.003" /><testcase classname="tests.unit.api.test_auth_comprehensive.TestUserCreation" name="test_create_user_weak_password" time="0.002" /><testcase classname="tests.unit.api.test_auth_comprehensive.TestUserCreation" name="test_create_user_duplicate_username" time="0.002" /><testcase classname="tests.unit.api.test_auth_comprehensive.TestUserCreation" name="test_create_user_duplicate_email" time="0.002" /><testcase classname="tests.unit.api.test_auth_comprehensive.TestJWTTokenManagement" name="test_create_access_token_default_expiry" time="0.001" /><testcase classname="tests.unit.api.test_auth_comprehensive.TestJWTTokenManagement" name="test_create_access_token_custom_expiry" time="0.001" /><testcase classname="tests.unit.api.test_auth_comprehensive.TestJWTTokenManagement" name="test_create_refresh_token" time="0.001" /><testcase classname="tests.unit.api.test_auth_comprehensive.TestJWTTokenManagement" name="test_verify_access_token_success" time="0.002" /><testcase classname="tests.unit.api.test_auth_comprehensive.TestJWTTokenManagement" name="test_verify_refresh_token_success" time="0.002" /><testcase classname="tests.unit.api.test_auth_comprehensive.TestJWTTokenManagement" name="test_verify_token_invalid_signature" time="0.002" /><testcase classname="tests.unit.api.test_auth_comprehensive.TestJWTTokenManagement" name="test_verify_token_expired" time="0.002" /><testcase classname="tests.unit.api.test_auth_comprehensive.TestJWTTokenManagement" name="test_password_hashing_and_verification" time="0.000"><skipped type="pytest.skip" message="Skipped by CI stabilization process">/home/runner/work/FootballPrediction/FootballPrediction/tests/unit/api/test_auth_comprehensive.py:457: Skipped by CI stabilization process</skipped></testcase><testcase classname="tests.unit.api.test_auth_comprehensive.TestJWTTokenManagement" name="test_password_strength_validation_strong_password" time="0.001" /><testcase classname="tests.unit.api.test_auth_comprehensive.TestJWTTokenManagement" name="test_password_strength_validation_weak_password" time="0.001" /><testcase classname="tests.unit.api.test_auth_comprehensive.TestAuthDependencies" name="test_require_roles_success" time="0.000"><skipped type="pytest.skip" message="Skipped by CI stabilization process">/home/runner/work/FootballPrediction/FootballPrediction/tests/unit/api/test_auth_comprehensive.py:497: Skipped by CI stabilization process</skipped></testcase><testcase classname="tests.unit.api.test_auth_comprehensive.TestAuthDependencies" name="test_require_roles_insufficient_permissions" time="0.000"><skipped type="pytest.skip" message="Skipped by CI stabilization process">/home/runner/work/FootballPrediction/FootballPrediction/tests/unit/api/test_auth_comprehensive.py:521: Skipped by CI stabilization process</skipped></testcase><testcase classname="tests.unit.api.test_auth_comprehensive.TestAuthDependencies" name="test_get_client_ip_with_forwarded_header" time="0.000"><skipped type="pytest.skip" message="Skipped by CI stabilization process">/home/runner/work/FootballPrediction/FootballPrediction/tests/unit/api/test_auth_comprehensive.py:544: Skipped by CI stabilization process</skipped></testcase><testcase classname="tests.unit.api.test_auth_comprehensive.TestAuthDependencies" name="test_get_client_ip_with_real_ip_header" time="0.000"><skipped type="pytest.skip" message="Skipped by CI stabilization process">/home/runner/work/FootballPrediction/FootballPrediction/tests/unit/api/test_auth_comprehensive.py:552: Skipped by CI stabilization process</skipped></testcase><testcase classname="tests.unit.api.test_auth_comprehensive.TestAuthDependencies" name="test_get_client_ip_direct_connection" time="0.000"><skipped type="pytest.skip" message="Skipped by CI stabilization process">/home/runner/work/FootballPrediction/FootballPrediction/tests/unit/api/test_auth_comprehensive.py:560: Skipped by CI stabilization process</skipped></testcase><testcase classname="tests.unit.api.test_auth_comprehensive.TestAuthDependencies" name="test_get_client_ip_unknown" time="0.000"><skipped type="pytest.skip" message="Skipped by CI stabilization process">/home/runner/work/FootballPrediction/FootballPrediction/tests/unit/api/test_auth_comprehensive.py:570: Skipped by CI stabilization process</skipped></testcase><testcase classname="tests.unit.api.test_auth_comprehensive.TestRateLimiting" name="test_rate_limit_login_allowed" time="0.000"><skipped type="pytest.skip" message="Skipped by CI stabilization process">/home/runner/work/FootballPrediction/FootballPrediction/tests/unit/api/test_auth_comprehensive.py:583: Skipped by CI stabilization process</skipped></testcase><testcase classname="tests.unit.api.test_auth_comprehensive.TestRateLimiting" name="test_rate_limit_login_blocked" time="0.000"><skipped type="pytest.skip" message="Skipped by CI stabilization process">/home/runner/work/FootballPrediction/FootballPrediction/tests/unit/api/test_auth_comprehensive.py:595: Skipped by CI stabilization process</skipped></testcase><testcase classname="tests.unit.api.test_auth_comprehensive.TestAuthContext" name="test_auth_context_logout_user" time="0.000"><skipped type="pytest.skip" message="Skipped by CI stabilization process">/home/runner/work/FootballPrediction/FootballPrediction/tests/unit/api/test_auth_comprehensive.py:619: Skipped by CI stabilization process</skipped></testcase><testcase classname="tests.unit.api.test_auth_comprehensive.TestAuthContext" name="test_auth_context_logout_all_sessions" time="0.000"><skipped type="pytest.skip" message="Skipped by CI stabilization process">/home/runner/work/FootballPrediction/FootballPrediction/tests/unit/api/test_auth_comprehensive.py:641: Skipped by CI stabilization process</skipped></testcase><testcase classname="tests.unit.api.test_auth_comprehensive.TestSecurityFeatures" name="test_mock_users_data_structure" time="0.000"><skipped type="pytest.skip" message="Skipped by CI stabilization process">/home/runner/work/FootballPrediction/FootballPrediction/tests/unit/api/test_auth_comprehensive.py:654: Skipped by CI stabilization process</skipped></testcase><testcase classname="tests.unit.api.test_auth_comprehensive.TestSecurityFeatures" name="test_user_auth_data_model" time="0.000"><skipped type="pytest.skip" message="Skipped by CI stabilization process">/home/runner/work/FootballPrediction/FootballPrediction/tests/unit/api/test_auth_comprehensive.py:671: Skipped by CI stabilization process</skipped></testcase><testcase classname="tests.unit.api.test_auth_comprehensive.TestSecurityFeatures" name="test_token_data_model" time="0.000"><skipped type="pytest.skip" message="Skipped by CI stabilization process">/home/runner/work/FootballPrediction/FootballPrediction/tests/unit/api/test_auth_comprehensive.py:687: Skipped by CI stabilization process</skipped></testcase><testcase classname="tests.unit.api.test_auth_comprehensive.TestPasswordResetFlow" name="test_generate_password_reset_token" time="0.001" /><testcase classname="tests.unit.api.test_auth_comprehensive.TestPasswordResetFlow" name="test_verify_password_reset_token_success" time="0.002" /><testcase classname="tests.unit.api.test_auth_comprehensive.TestPasswordResetFlow" name="test_verify_password_reset_token_invalid" time="0.002" /><testcase classname="tests.unit.api.test_auth_comprehensive.TestPasswordResetFlow" name="test_verify_password_reset_token_expired" time="0.002" /><testcase classname="tests.unit.api.test_auth_comprehensive.TestTokenBlacklisting" name="test_blacklist_token" time="0.003" /><testcase classname="tests.unit.api.test_auth_comprehensive.TestTokenBlacklisting" name="test_is_token_blacklisted_no_redis" time="0.002" /><testcase classname="tests.unit.api.test_auth_dependencies.TestTokenData" name="test_token_data_creation_default" time="0.000"><skipped type="pytest.skip" message="Skipped by CI stabilization process">/home/runner/work/FootballPrediction/FootballPrediction/tests/unit/api/test_auth_dependencies.py:294: Skipped by CI stabilization process</skipped></testcase><testcase classname="tests.unit.api.test_auth_dependencies.TestTokenData" name="test_token_data_creation_full" time="0.001" /><testcase classname="tests.unit.api.test_auth_dependencies.TestTokenData" name="test_token_data_creation_partial" time="0.000"><skipped type="pytest.skip" message="Skipped by CI stabilization process">/home/runner/work/FootballPrediction/FootballPrediction/tests/unit/api/test_auth_dependencies.py:310: Skipped by CI stabilization process</skipped></testcase><testcase classname="tests.unit.api.test_auth_dependencies.TestTokenData" name="test_token_data_attributes" time="0.001" /><testcase classname="tests.unit.api.test_auth_dependencies.TestRateLimiter" name="test_rate_limiter_creation" time="0.001" /><testcase classname="tests.unit.api.test_auth_dependencies.TestRateLimiter" name="test_is_allowed_default_limit" time="0.001" /><testcase classname="tests.unit.api.test_auth_dependencies.TestRateLimiter" name="test_is_allowed_custom_limit" time="0.001" /><testcase classname="tests.unit.api.test_auth_dependencies.TestRateLimiter" name="test_is_allowed_different_keys" time="0.001" /><testcase classname="tests.unit.api.test_auth_dependencies.TestSecurityHeaders" name="test_security_headers_creation" time="0.001" /><testcase classname="tests.unit.api.test_auth_dependencies.TestSecurityHeaders" name="test_security_headers_default_values" time="0.001" /><testcase classname="tests.unit.api.test_auth_dependencies.TestSecurityHeaders" name="test_security_headers_immutability" time="0.001" /><testcase classname="tests.unit.api.test_auth_dependencies.TestGetCurrentUser" name="test_get_current_user_success" time="0.000"><skipped type="pytest.skip" message="Skipped by CI stabilization process">/home/runner/work/FootballPrediction/FootballPrediction/tests/unit/api/test_auth_dependencies.py:416: Skipped by CI stabilization process</skipped></testcase><testcase classname="tests.unit.api.test_auth_dependencies.TestGetCurrentUser" name="test_get_current_user_exception_handling" time="0.000"><skipped type="pytest.skip" message="Skipped by CI stabilization process">/home/runner/work/FootballPrediction/FootballPrediction/tests/unit/api/test_auth_dependencies.py:431: Skipped by CI stabilization process</skipped></testcase><testcase classname="tests.unit.api.test_auth_dependencies.TestGetCurrentUser" name="test_get_current_user_different_credentials" time="0.000"><skipped type="pytest.skip" message="Skipped by CI stabilization process">/home/runner/work/FootballPrediction/FootballPrediction/tests/unit/api/test_auth_dependencies.py:445: Skipped by CI stabilization process</skipped></testcase><testcase classname="tests.unit.api.test_auth_dependencies.TestGetCurrentUserOptional" name="test_get_current_user_optional_no_auth_header" time="0.002" /><testcase classname="tests.unit.api.test_auth_dependencies.TestGetCurrentUserOptional" name="test_get_current_user_optional_invalid_auth_format" time="0.002" /><testcase classname="tests.unit.api.test_auth_dependencies.TestGetCurrentUserOptional" name="test_get_current_user_optional_success" time="0.000"><skipped type="pytest.skip" message="Skipped by CI stabilization process">/home/runner/work/FootballPrediction/FootballPrediction/tests/unit/api/test_auth_dependencies.py:503: Skipped by CI stabilization process</skipped></testcase><testcase classname="tests.unit.api.test_auth_dependencies.TestGetCurrentUserOptional" name="test_get_current_user_optional_malformed_token" time="0.000"><skipped type="pytest.skip" message="Skipped by CI stabilization process">/home/runner/work/FootballPrediction/FootballPrediction/tests/unit/api/test_auth_dependencies.py:513: Skipped by CI stabilization process</skipped></testcase><testcase classname="tests.unit.api.test_auth_dependencies.TestGetCurrentUserOptional" name="test_get_current_user_optional_exception_handling" time="0.000"><skipped type="pytest.skip" message="Skipped by CI stabilization process">/home/runner/work/FootballPrediction/FootballPrediction/tests/unit/api/test_auth_dependencies.py:523: Skipped by CI stabilization process</skipped></testcase><testcase classname="tests.unit.api.test_auth_dependencies.TestGetCurrentUserOptional" name="test_get_current_user_optional_various_auth_schemes" time="0.001" /><testcase classname="tests.unit.api.test_auth_dependencies.TestRequireAdmin" name="test_require_admin_success" time="0.002" /><testcase classname="tests.unit.api.test_auth_dependencies.TestRequireAdmin" name="test_require_admin_regular_user_denied" time="0.000"><skipped type="pytest.skip" message="Skipped by CI stabilization process">/home/runner/work/FootballPrediction/FootballPrediction/tests/unit/api/test_auth_dependencies.py:585: Skipped by CI stabilization process</skipped></testcase><testcase classname="tests.unit.api.test_auth_dependencies.TestRequireAdmin" name="test_require_admin_moderator_denied" time="0.000"><skipped type="pytest.skip" message="Skipped by CI stabilization process">/home/runner/work/FootballPrediction/FootballPrediction/tests/unit/api/test_auth_dependencies.py:594: Skipped by CI stabilization process</skipped></testcase><testcase classname="tests.unit.api.test_auth_dependencies.TestRequireAdmin" name="test_require_admin_no_role" time="0.000"><skipped type="pytest.skip" message="Skipped by CI stabilization process">/home/runner/work/FootballPrediction/FootballPrediction/tests/unit/api/test_auth_dependencies.py:603: Skipped by CI stabilization process</skipped></testcase><testcase classname="tests.unit.api.test_auth_dependencies.TestRequireAdmin" name="test_require_admin_case_sensitive" time="0.000"><skipped type="pytest.skip" message="Skipped by CI stabilization process">/home/runner/work/FootballPrediction/FootballPrediction/tests/unit/api/test_auth_dependencies.py:614: Skipped by CI stabilization process</skipped></testcase><testcase classname="tests.unit.api.test_auth_dependencies.TestGlobalInstances" name="test_rate_limiter_global_instance" time="0.001" /><testcase classname="tests.unit.api.test_auth_dependencies.TestGlobalInstances" name="test_security_headers_global_instance" time="0.001" /><testcase classname="tests.unit.api.test_auth_dependencies.TestGlobalInstances" name="test_security_global_instance" time="0.001" /><testcase classname="tests.unit.api.test_auth_dependencies.TestIntegrationScenarios" name="test_full_authentication_flow" time="0.000"><skipped type="pytest.skip" message="Skipped by CI stabilization process">/home/runner/work/FootballPrediction/FootballPrediction/tests/unit/api/test_auth_dependencies.py:651: Skipped by CI stabilization process</skipped></testcase><testcase classname="tests.unit.api.test_auth_dependencies.TestIntegrationScenarios" name="test_admin_authentication_flow" time="0.001" /><testcase classname="tests.unit.api.test_auth_dependencies.TestIntegrationScenarios" name="test_optional_authentication_scenarios" time="0.000"><skipped type="pytest.skip" message="Skipped by CI stabilization process">/home/runner/work/FootballPrediction/FootballPrediction/tests/unit/api/test_auth_dependencies.py:678: Skipped by CI stabilization process</skipped></testcase><testcase classname="tests.unit.api.test_auth_dependencies.TestIntegrationScenarios" name="test_security_configuration_integration" time="0.001" /><testcase classname="tests.unit.api.test_auth_dependencies.TestIntegrationScenarios" name="test_error_handling_consistency" time="0.000"><skipped type="pytest.skip" message="Skipped by CI stabilization process">/home/runner/work/FootballPrediction/FootballPrediction/tests/unit/api/test_auth_dependencies.py:711: Skipped by CI stabilization process</skipped></testcase><testcase classname="tests.unit.api.test_auth_dependencies_fixed.TestAuthenticationDependencies" name="test_jwt_auth_manager_initialization" time="0.001" /><testcase classname="tests.unit.api.test_auth_dependencies_fixed.TestAuthenticationDependencies" name="test_create_access_token" time="0.001" /><testcase classname="tests.unit.api.test_auth_dependencies_fixed.TestAuthenticationDependencies" name="test_create_refresh_token" time="0.001" /><testcase classname="tests.unit.api.test_auth_dependencies_fixed.TestAuthenticationDependencies" name="test_verify_valid_token" time="0.001" /><testcase classname="tests.unit.api.test_auth_dependencies_fixed.TestAuthenticationDependencies" name="test_verify_admin_token" time="0.001" /><testcase classname="tests.unit.api.test_auth_dependencies_fixed.TestAuthenticationDependencies" name="test_verify_invalid_token" time="0.001" /><testcase classname="tests.unit.api.test_auth_dependencies_fixed.TestAuthenticationDependencies" name="test_password_hashing" time="0.001" /><testcase classname="tests.unit.api.test_auth_dependencies_fixed.TestAuthenticationDependencies" name="test_password_strength_validation" time="0.001" /><testcase classname="tests.unit.api.test_auth_dependencies_fixed.TestAuthenticationDependencies" name="test_get_current_user_with_valid_token" time="0.002" /><testcase classname="tests.unit.api.test_auth_dependencies_fixed.TestAuthenticationDependencies" name="test_get_current_user_without_token" time="0.001" /><testcase classname="tests.unit.api.test_auth_dependencies_fixed.TestAuthenticationDependencies" name="test_get_current_user_with_invalid_token" time="0.001" /><testcase classname="tests.unit.api.test_auth_dependencies_fixed.TestAuthenticationDependencies" name="test_get_active_user_success" time="0.001" /><testcase classname="tests.unit.api.test_auth_dependencies_fixed.TestAuthenticationDependencies" name="test_get_active_user_inactive" time="0.001" /><testcase classname="tests.unit.api.test_auth_dependencies_fixed.TestAuthenticationDependencies" name="test_get_admin_user_success" time="0.000"><skipped type="pytest.skip" message="Skipped by CI stabilization process">/home/runner/work/FootballPrediction/FootballPrediction/tests/unit/api/test_auth_dependencies_fixed.py:378: Skipped by CI stabilization process</skipped></testcase><testcase classname="tests.unit.api.test_auth_dependencies_fixed.TestAuthenticationDependencies" name="test_get_admin_user_unauthorized" time="0.000"><skipped type="pytest.skip" message="Skipped by CI stabilization process">/home/runner/work/FootballPrediction/FootballPrediction/tests/unit/api/test_auth_dependencies_fixed.py:387: Skipped by CI stabilization process</skipped></testcase><testcase classname="tests.unit.api.test_auth_dependencies_fixed.TestAuthenticationDependencies" name="test_mock_users_data_integrity" time="0.001" /><testcase classname="tests.unit.api.test_auth_dependencies_fixed.TestAuthenticationDependencies" name="test_token_data_structure" time="0.001" /><testcase classname="tests.unit.api.test_auth_dependencies_fixed.TestAuthenticationDependencies" name="test_mock_enums" time="0.001" /><testcase classname="tests.unit.api.test_auth_dependencies_fixed.TestAuthenticationDependencies" name="test_authentication_flow_integration" time="0.001" /><testcase classname="tests.unit.api.test_auth_dependencies_fixed.TestAuthenticationDependencies" name="test_error_handling_scenarios" time="0.001" /><testcase classname="tests.unit.api.test_auth_dependencies_fixed.TestAuthenticationDependencies" name="test_mock_class_safety" time="0.001" /><testcase classname="tests.unit.api.test_auth_dependencies_fixed.TestAuthenticationDependencies" name="test_app_creation" time="0.001" /><testcase classname="tests.unit.api.test_auth_dependencies_fixed.TestAuthenticationDependencies" name="test_health_endpoint_mock" time="0.001" /><testcase classname="tests.unit.api.test_auth_dependencies_fixed.TestAuthenticationDependencies" name="test_async_mock_functionality" time="0.001" /><testcase classname="tests.unit.api.test_auth_dependencies_fixed.TestPerformance" name="test_token_verification_performance" time="0.002" /><testcase classname="tests.unit.api.test_auth_dependencies_fixed.TestPerformance" name="test_password_hashing_performance" time="0.001" /><testcase classname="tests.unit.api.test_auth_dependencies_fixed.TestEdgeCases" name="test_empty_token_handling" time="0.001" /><testcase classname="tests.unit.api.test_auth_dependencies_fixed.TestEdgeCases" name="test_very_long_password_handling" time="0.001" /><testcase classname="tests.unit.api.test_auth_dependencies_fixed.TestEdgeCases" name="test_none_value_handling" time="0.001" /><testcase classname="tests.unit.api.test_auth_dependencies_fixed.TestEdgeCases" name="test_concurrent_token_verification" time="0.002" /><testcase classname="tests.unit.api.test_auth_simple.TestAuthAPI" name="test_get_user_by_id_success" time="0.001" /><testcase classname="tests.unit.api.test_auth_simple.TestAuthAPI" name="test_get_user_by_id_not_found" time="0.001" /><testcase classname="tests.unit.api.test_auth_simple.TestAuthAPI" name="test_login_success" time="0.000"><skipped type="pytest.skip" message="FastAPI middleware issue - needs async context">/home/runner/work/FootballPrediction/FootballPrediction/tests/unit/api/test_auth_simple.py:46: FastAPI middleware issue - needs async context</skipped></testcase><testcase classname="tests.unit.api.test_auth_simple.TestAuthAPI" name="test_login_with_form_data" time="0.000"><skipped type="pytest.skip" message="FastAPI middleware issue - needs async context">/home/runner/work/FootballPrediction/FootballPrediction/tests/unit/api/test_auth_simple.py:70: FastAPI middleware issue - needs async context</skipped></testcase><testcase classname="tests.unit.api.test_auth_simple.TestAuthAPI" name="test_login_empty_request" time="0.000"><skipped type="pytest.skip" message="FastAPI middleware issue - needs async context">/home/runner/work/FootballPrediction/FootballPrediction/tests/unit/api/test_auth_simple.py:86: FastAPI middleware issue - needs async context</skipped></testcase><testcase classname="tests.unit.api.test_auth_simple.TestAuthAPI" name="test_get_current_user_success" time="0.000"><skipped type="pytest.skip" message="FastAPI middleware issue - needs async context">/home/runner/work/FootballPrediction/FootballPrediction/tests/unit/api/test_auth_simple.py:99: FastAPI middleware issue - needs async context</skipped></testcase><testcase classname="tests.unit.api.test_auth_simple.TestAuthAPI" name="test_get_current_user_no_auth_header" time="0.000"><skipped type="pytest.skip" message="FastAPI middleware issue - needs async context">/home/runner/work/FootballPrediction/FootballPrediction/tests/unit/api/test_auth_simple.py:123: FastAPI middleware issue - needs async context</skipped></testcase><testcase classname="tests.unit.api.test_auth_simple.TestAuthAPI" name="test_logout_success" time="0.000"><skipped type="pytest.skip" message="FastAPI middleware issue - needs async context">/home/runner/work/FootballPrediction/FootballPrediction/tests/unit/api/test_auth_simple.py:137: FastAPI middleware issue - needs async context</skipped></testcase><testcase classname="tests.unit.api.test_auth_simple.TestAuthAPI" name="test_mock_users_structure" time="0.001" /><testcase classname="tests.unit.api.test_auth_simple.TestAuthAPI" name="test_router_configuration" time="0.001" /><testcase classname="tests.unit.api.test_auth_simple.TestAuthAPI" name="test_security_scheme" time="0.001" /><testcase classname="tests.unit.api.test_cache_performance_api_simple.TestCachePerformanceAPIBasic" name="test_router_import" time="0.001" /><testcase classname="tests.unit.api.test_cache_performance_api_simple.TestCachePerformanceAPIBasic" name="test_router_has_endpoints" time="0.001" /><testcase classname="tests.unit.api.test_cache_performance_api_simple.TestCachePerformanceAPIBasic" name="test_cache_analysis_request_model" time="0.001" /><testcase classname="tests.unit.api.test_cache_performance_api_simple.TestCachePerformanceAPIBasic" name="test_cache_optimization_request_model" time="0.001" /><testcase classname="tests.unit.api.test_cache_performance_api_simple.TestCachePerformanceAPIBasic" name="test_warmup_request_model" time="0.001" /><testcase classname="tests.unit.api.test_cache_performance_api_simple.TestCachePerformanceAPIBasic" name="test_consistency_request_model" time="0.001" /><testcase classname="tests.unit.api.test_cache_performance_api_simple.TestCachePerformanceAPIBasic" name="test_model_validation" time="0.001" /><testcase classname="tests.unit.api.test_cache_performance_api_simple.TestCachePerformanceAPIBasic" name="test_model_serialization" time="0.001" /><testcase classname="tests.unit.api.test_cache_performance_api_simple.TestCachePerformanceAPIBasic" name="test_mock_managers_setup" time="0.008" /><testcase classname="tests.unit.api.test_cache_performance_api_simple.TestCachePerformanceAPIBasic" name="test_router_endpoint_methods" time="0.001" /><testcase classname="tests.unit.api.test_cache_performance_api_simple.TestCachePerformanceAPIBasic" name="test_router_tags" time="0.001" /><testcase classname="tests.unit.api.test_cache_performance_api_simple.TestCachePerformanceAPIBasic" name="test_endpoint_path_structure" time="0.001" /><testcase classname="tests.unit.api.test_cache_performance_api_simple.TestCachePerformanceAPIRequestValidation" name="test_analysis_request_types" time="0.001" /><testcase classname="tests.unit.api.test_cache_performance_api_simple.TestCachePerformanceAPIRequestValidation" name="test_optimization_request_types" time="0.001" /><testcase classname="tests.unit.api.test_cache_performance_api_simple.TestCachePerformanceAPIRequestValidation" name="test_warmup_request_strategies" time="0.001" /><testcase classname="tests.unit.api.test_cache_performance_api_simple.TestCachePerformanceAPIRequestValidation" name="test_consistency_request_operations" time="0.001" /><testcase classname="tests.unit.api.test_cache_performance_api_simple.TestCachePerformanceAPIRequestValidation" name="test_edge_cases" time="0.001" /><testcase classname="tests.unit.api.test_cache_performance_api_simple.TestCachePerformanceAPIIntegration" name="test_module_structure" time="0.001" /><testcase classname="tests.unit.api.test_cache_performance_api_simple.TestCachePerformanceAPIIntegration" name="test_model_inheritance" time="0.001" /><testcase classname="tests.unit.api.test_cache_performance_api_simple.TestCachePerformanceAPIIntegration" name="test_model_fields" time="0.001" /><testcase classname="tests.unit.api.test_data_extended.TestAPIDataExtended" name="test_get_matches" time="0.000"><skipped type="pytest.skip" message="Skipped by CI stabilization process">/home/runner/work/FootballPrediction/FootballPrediction/tests/unit/api/test_data_extended.py:21: Skipped by CI stabilization process</skipped></testcase><testcase classname="tests.unit.api.test_data_extended.TestAPIDataExtended" name="test_get_matches_with_filters" time="0.000"><skipped type="pytest.skip" message="Skipped by CI stabilization process">/home/runner/work/FootballPrediction/FootballPrediction/tests/unit/api/test_data_extended.py:34: Skipped by CI stabilization process</skipped></testcase><testcase classname="tests.unit.api.test_data_extended.TestAPIDataExtended" name="test_get_match_by_id" time="0.001"><skipped type="pytest.skip" message="Skipped by CI stabilization process">/home/runner/work/FootballPrediction/FootballPrediction/tests/unit/api/test_data_extended.py:50: Skipped by CI stabilization process</skipped></testcase><testcase classname="tests.unit.api.test_data_extended.TestAPIDataExtended" name="test_get_teams" time="0.000"><skipped type="pytest.skip" message="Skipped by CI stabilization process">/home/runner/work/FootballPrediction/FootballPrediction/tests/unit/api/test_data_extended.py:67: Skipped by CI stabilization process</skipped></testcase><testcase classname="tests.unit.api.test_data_extended.TestAPIDataExtended" name="test_export_data_csv" time="0.000"><skipped type="pytest.skip" message="Skipped by CI stabilization process">/home/runner/work/FootballPrediction/FootballPrediction/tests/unit/api/test_data_extended.py:80: Skipped by CI stabilization process</skipped></testcase><testcase classname="tests.unit.api.test_data_extended.TestAPIDataExtended" name="test_export_data_json" time="0.000"><skipped type="pytest.skip" message="Skipped by CI stabilization process">/home/runner/work/FootballPrediction/FootballPrediction/tests/unit/api/test_data_extended.py:84: Skipped by CI stabilization process</skipped></testcase><testcase classname="tests.unit.api.test_data_extended.TestAPIDataExtended" name="test_data_validation_error" time="0.000"><skipped type="pytest.skip" message="Skipped by CI stabilization process">/home/runner/work/FootballPrediction/FootballPrediction/tests/unit/api/test_data_extended.py:88: Skipped by CI stabilization process</skipped></testcase><testcase classname="tests.unit.api.test_database_optimization.TestDatabasePerformanceAnalyzer" name="test_analyzer_initialization" time="0.001" /><testcase classname="tests.unit.api.test_database_optimization.TestDatabasePerformanceAnalyzer" name="test_query_hash_generation" time="0.001" /><testcase classname="tests.unit.api.test_database_optimization.TestDatabasePerformanceAnalyzer" name="test_query_analysis" time="0.001" /><testcase classname="tests.unit.api.test_database_optimization.TestDatabasePerformanceAnalyzer" name="test_slow_query_detection" time="0.002" /><testcase classname="tests.unit.api.test_database_optimization.TestDatabasePerformanceAnalyzer" name="test_error_rate_calculation" time="0.001" /><testcase classname="tests.unit.api.test_database_optimization.TestDatabasePerformanceAnalyzer" name="test_performance_summary" time="0.001" /><testcase classname="tests.unit.api.test_database_optimization.TestDatabasePerformanceAnalyzer" name="test_optimization_suggestions" time="0.002" /><testcase classname="tests.unit.api.test_database_optimization.TestQueryMetrics" name="test_metrics_initialization" time="0.001" /><testcase classname="tests.unit.api.test_database_optimization.TestQueryMetrics" name="test_execution_recording" time="0.000"><skipped type="pytest.skip" message="Skipped by CI stabilization process">/home/runner/work/FootballPrediction/FootballPrediction/tests/unit/api/test_database_optimization.py:183: Skipped by CI stabilization process</skipped></testcase><testcase classname="tests.unit.api.test_database_optimization.TestQueryMetrics" name="test_percentile_calculations" time="0.001" /><testcase classname="tests.unit.api.test_database_optimization.TestDatabasePerformanceMiddleware" name="test_middleware_initialization" time="0.001" /><testcase classname="tests.unit.api.test_database_optimization.TestDatabasePerformanceMiddleware" name="test_start_stop_monitoring" time="0.000"><skipped type="pytest.skip" message="Skipped by CI stabilization process">/home/runner/work/FootballPrediction/FootballPrediction/tests/unit/api/test_database_optimization.py:237: Skipped by CI stabilization process</skipped></testcase><testcase classname="tests.unit.api.test_database_optimization.TestDatabasePerformanceMiddleware" name="test_real_time_metrics" time="0.000"><skipped type="pytest.skip" message="Skipped by CI stabilization process">/home/runner/work/FootballPrediction/FootballPrediction/tests/unit/api/test_database_optimization.py:250: Skipped by CI stabilization process</skipped></testcase><testcase classname="tests.unit.api.test_database_optimization.TestDatabasePerformanceMiddleware" name="test_current_performance_analysis" time="0.000"><skipped type="pytest.skip" message="Skipped by CI stabilization process">/home/runner/work/FootballPrediction/FootballPrediction/tests/unit/api/test_database_optimization.py:267: Skipped by CI stabilization process</skipped></testcase><testcase classname="tests.unit.api.test_database_optimization.TestQueryOptimizationAdvisor" name="test_advisor_initialization" time="0.000"><skipped type="pytest.skip" message="Skipped by CI stabilization process">/home/runner/work/FootballPrediction/FootballPrediction/tests/unit/api/test_database_optimization.py:290: Skipped by CI stabilization process</skipped></testcase><testcase classname="tests.unit.api.test_database_optimization.TestQueryOptimizationAdvisor" name="test_select_star_detection" time="0.003" /><testcase classname="tests.unit.api.test_database_optimization.TestQueryOptimizationAdvisor" name="test_missing_where_detection" time="0.001" /><testcase classname="tests.unit.api.test_database_optimization.TestQueryOptimizationAdvisor" name="test_like_leading_wildcard_detection" time="0.001" /><testcase classname="tests.unit.api.test_database_optimization.TestQueryOptimizationAdvisor" name="test_complexity_calculation" time="0.001" /><testcase classname="tests.unit.api.test_database_optimization.TestQueryOptimizationAdvisor" name="test_index_suggestions" time="0.001" /><testcase classname="tests.unit.api.test_database_optimization.TestConnectionPoolOptimizer" name="test_optimizer_initialization" time="0.001" /><testcase classname="tests.unit.api.test_database_optimization.TestConnectionPoolOptimizer" name="test_pool_registration" time="0.000"><skipped type="pytest.skip" message="Skipped by CI stabilization process">/home/runner/work/FootballPrediction/FootballPrediction/tests/unit/api/test_database_optimization.py:399: Skipped by CI stabilization process</skipped></testcase><testcase classname="tests.unit.api.test_database_optimization.TestConnectionPoolOptimizer" name="test_monitoring_start_stop" time="0.002" /><testcase classname="tests.unit.api.test_database_optimization.TestConnectionPoolOptimizer" name="test_pool_status_retrieval" time="0.000"><skipped type="pytest.skip" message="Skipped by CI stabilization process">/home/runner/work/FootballPrediction/FootballPrediction/tests/unit/api/test_database_optimization.py:429: Skipped by CI stabilization process</skipped></testcase><testcase classname="tests.unit.api.test_database_optimization.TestConnectionPoolOptimizer" name="test_health_evaluation" time="0.001" /><testcase classname="tests.unit.api.test_database_optimization.TestConnectionPoolOptimizer" name="test_recommendation_generation" time="0.001" /><testcase classname="tests.unit.api.test_database_optimization.TestQueryExecutionAnalyzer" name="test_analyzer_initialization" time="0.001" /><testcase classname="tests.unit.api.test_database_optimization.TestQueryExecutionAnalyzer" name="test_query_hash_generation" time="0.001" /><testcase classname="tests.unit.api.test_database_optimization.TestQueryExecutionAnalyzer" name="test_execution_plan_parsing" time="0.001" /><testcase classname="tests.unit.api.test_database_optimization.TestQueryExecutionAnalyzer" name="test_used_indexes_identification" time="0.001" /><testcase classname="tests.unit.api.test_database_optimization.TestQueryExecutionAnalyzer" name="test_missing_indexes_detection" time="0.001" /><testcase classname="tests.unit.api.test_database_optimization.TestQueryExecutionAnalyzer" name="test_performance_issues_identification" time="0.001" /><testcase classname="tests.unit.api.test_database_optimization.TestQueryExecutionAnalyzer" name="test_analysis_statistics" time="0.001" /><testcase classname="tests.unit.api.test_database_optimization.TestExecutionPlanNode" name="test_node_creation" time="0.001" /><testcase classname="tests.unit.api.test_database_optimization.TestExecutionPlanNode" name="test_node_with_children" time="0.001" /><testcase classname="tests.unit.api.test_database_optimization.TestIntegration" name="test_full_optimization_workflow" time="0.000"><skipped type="pytest.skip" message="Skipped by CI stabilization process">/home/runner/work/FootballPrediction/FootballPrediction/tests/unit/api/test_database_optimization.py:661: Skipped by CI stabilization process</skipped></testcase><testcase classname="tests.unit.api.test_database_optimization.TestIntegration" name="test_global_functions" time="0.001" /><testcase classname="tests.unit.api.test_database_optimization.TestIntegration" name="test_error_handling" time="0.001" /><testcase classname="tests.unit.api.test_features_new.TestAPIFeatures" name="test_get_features_list" time="0.000"><skipped type="pytest.skip" message="Skipped by CI stabilization process">/home/runner/work/FootballPrediction/FootballPrediction/tests/unit/api/test_features_new.py:21: Skipped by CI stabilization process</skipped></testcase><testcase classname="tests.unit.api.test_features_new.TestAPIFeatures" name="test_calculate_features" time="0.000"><skipped type="pytest.skip" message="Skipped by CI stabilization process">/home/runner/work/FootballPrediction/FootballPrediction/tests/unit/api/test_features_new.py:42: Skipped by CI stabilization process</skipped></testcase><testcase classname="tests.unit.api.test_features_new.TestAPIFeatures" name="test_get_feature_importance" time="0.000"><skipped type="pytest.skip" message="Skipped by CI stabilization process">/home/runner/work/FootballPrediction/FootballPrediction/tests/unit/api/test_features_new.py:64: Skipped by CI stabilization process</skipped></testcase><testcase classname="tests.unit.api.test_features_new.TestAPIFeatures" name="test_feature_validation" time="0.000"><skipped type="pytest.skip" message="Skipped by CI stabilization process">/home/runner/work/FootballPrediction/FootballPrediction/tests/unit/api/test_features_new.py:81: Skipped by CI stabilization process</skipped></testcase><testcase classname="tests.unit.api.test_features_new.TestAPIFeatures" name="test_batch_feature_calculation" time="0.000"><skipped type="pytest.skip" message="Skipped by CI stabilization process">/home/runner/work/FootballPrediction/FootballPrediction/tests/unit/api/test_features_new.py:91: Skipped by CI stabilization process</skipped></testcase><testcase classname="tests.unit.api.test_health.TestHealthAPI" name="test_health_check_basic" time="0.001" /><testcase classname="tests.unit.api.test_health.TestHealthAPI" name="test_system_health_check" time="0.002" /><testcase classname="tests.unit.api.test_health.TestHealthAPI" name="test_database_health_check" time="0.001" /><testcase classname="tests.unit.api.test_health.TestHealthAPI" name="test_system_metrics_with_mock" time="0.003" /><testcase classname="tests.unit.api.test_health.TestHealthAPI" name="test_timestamp_in_health_response" time="0.002" /><testcase classname="tests.unit.api.test_health.TestHealthAPI" name="test_health_response_structure" time="0.001" /><testcase classname="tests.unit.api.test_health.TestHealthAPI" name="test_error_handling_in_health_checks" time="0.001" /><testcase classname="tests.unit.api.test_health.TestHealthAPI" name="test_async_health_check" time="0.001" /><testcase classname="tests.unit.api.test_health.TestHealthAPI" name="test_health_check_caching" time="0.001" /><testcase classname="tests.unit.api.test_health.TestHealthAPI" name="test_health_check_with_dependencies" time="0.001" /><testcase classname="tests.unit.api.test_health.TestHealthAPI" name="test_custom_health_indicators" time="0.001" /><testcase classname="tests.unit.api.test_health.TestHealthAPI" name="test_health_status_response_codes" time="0.001" /><testcase classname="tests.unit.api.test_health.TestHealthAPI" name="test_health_check_performance" time="0.001" /><testcase classname="tests.unit.api.test_health.TestHealthAPI" name="test_health_check_idempotency" time="0.001" /><testcase classname="tests.unit.api.test_health.TestHealthAPI" name="test_health_endpoint" time="0.006" /><testcase classname="tests.unit.api.test_health.TestHealthAPI" name="test_system_health_endpoint" time="0.001"><skipped type="pytest.skip" message="Health routes not included in simple app">/home/runner/work/FootballPrediction/FootballPrediction/tests/unit/api/test_health.py:248: Health routes not included in simple app</skipped></testcase><testcase classname="tests.unit.api.test_health.TestHealthAPI" name="test_database_health_endpoint" time="0.001"><skipped type="pytest.skip" message="Health routes not included in simple app">/home/runner/work/FootballPrediction/FootballPrediction/tests/unit/api/test_health.py:253: Health routes not included in simple app</skipped></testcase><testcase classname="tests.unit.api.test_health.TestHealthAPIIntegration" name="test_health_check_chain" time="0.002" /><testcase classname="tests.unit.api.test_health.TestHealthRouter" name="test_router_initialization" time="0.001" /><testcase classname="tests.unit.api.test_health.TestHealthRouter" name="test_router_endpoints" time="0.001" /><testcase classname="tests.unit.api.test_health.TestHealthRouter" name="test_router_methods" time="0.001" /><testcase classname="tests.unit.api.test_health_api.TestHealthAPI" name="test_basic_health_check" time="0.005" /><testcase classname="tests.unit.api.test_health_api.TestHealthAPI" name="test_detailed_health_check" time="0.006" /><testcase classname="tests.unit.api.test_health_api.TestHealthAPI" name="test_health_response_format" time="0.005" /><testcase classname="tests.unit.api.test_health_api.TestHealthAPI" name="test_health_check_with_mocks" time="0.005" /><testcase classname="tests.unit.api.test_health_api.TestHealthAPI" name="test_concurrent_health_checks" time="0.030" /><testcase classname="tests.unit.api.test_health_api.TestHealthAPI" name="test_health_check_response_time" time="0.005" /><testcase classname="tests.unit.api.test_health_api.TestHealthAPI" name="test_health_check_content_type" time="0.004" /><testcase classname="tests.unit.api.test_health_api.TestHealthAPI" name="test_health_check_headers" time="0.004" /><testcase classname="tests.unit.api.test_health_api.TestHealthAPIErrorHandling" name="test_invalid_endpoint" time="0.004" /><testcase classname="tests.unit.api.test_health_api.TestHealthAPIErrorHandling" name="test_method_not_allowed" time="0.004" /><testcase classname="tests.unit.api.test_health_api.TestHealthAPIErrorHandling" name="test_health_with_query_params" time="0.004" /><testcase classname="tests.unit.api.test_health_api.TestHealthAPIDocumentation" name="test_health_endpoint_tags" time="0.001" /><testcase classname="tests.unit.api.test_health_api.TestHealthAPIDocumentation" name="test_health_endpoint_path" time="0.000"><skipped type="pytest.skip" message="Skipped by CI stabilization process">/home/runner/work/FootballPrediction/FootballPrediction/tests/unit/api/test_health_api.py:256: Skipped by CI stabilization process</skipped></testcase><testcase classname="tests.unit.api.test_health_endpoints_comprehensive.TestBasicHealthCheck" name="test_basic_health_check_success" time="0.003" /><testcase classname="tests.unit.api.test_health_endpoints_comprehensive.TestBasicHealthCheck" name="test_basic_health_check_response_time" time="0.003" /><testcase classname="tests.unit.api.test_health_endpoints_comprehensive.TestBasicHealthCheck" name="test_basic_health_check_content_type" time="0.003" /><testcase classname="tests.unit.api.test_health_endpoints_comprehensive.TestBasicHealthCheck" name="test_basic_health_check_no_auth_required" time="0.003" /><testcase classname="tests.unit.api.test_health_endpoints_comprehensive.TestDetailedHealthCheck" name="test_detailed_health_check_success" time="0.000"><skipped type="pytest.skip" message="Skipped by CI stabilization process">/home/runner/work/FootballPrediction/FootballPrediction/tests/unit/api/test_health_endpoints_comprehensive.py:550: Skipped by CI stabilization process</skipped></testcase><testcase classname="tests.unit.api.test_health_endpoints_comprehensive.TestDetailedHealthCheck" name="test_detailed_health_check_includes_system_metrics" time="0.065" /><testcase classname="tests.unit.api.test_health_endpoints_comprehensive.TestDetailedHealthCheck" name="test_detailed_health_check_includes_alerts" time="0.065" /><testcase classname="tests.unit.api.test_health_endpoints_comprehensive.TestComponentHealthCheck" name="test_get_database_component_health" time="0.014" /><testcase classname="tests.unit.api.test_health_endpoints_comprehensive.TestComponentHealthCheck" name="test_get_cache_component_health" time="0.014" /><testcase classname="tests.unit.api.test_health_endpoints_comprehensive.TestComponentHealthCheck" name="test_get_invalid_component_health" time="0.003" /><testcase classname="tests.unit.api.test_health_endpoints_comprehensive.TestComponentHealthCheck" name="test_list_all_components" time="0.003" /><testcase classname="tests.unit.api.test_health_endpoints_comprehensive.TestHealthHistory" name="test_get_health_history" time="0.004" /><testcase classname="tests.unit.api.test_health_endpoints_comprehensive.TestHealthHistory" name="test_get_health_history_with_limit" time="0.004" /><testcase classname="tests.unit.api.test_health_endpoints_comprehensive.TestHealthHistory" name="test_health_history_limit_validation" time="0.006" /><testcase classname="tests.unit.api.test_health_endpoints_comprehensive.TestSystemMetrics" name="test_get_system_metrics" time="0.003" /><testcase classname="tests.unit.api.test_health_endpoints_comprehensive.TestSystemMetrics" name="test_system_metrics_timestamp_format" time="0.003" /><testcase classname="tests.unit.api.test_health_endpoints_comprehensive.TestAlerts" name="test_get_active_alerts" time="0.003" /><testcase classname="tests.unit.api.test_health_endpoints_comprehensive.TestHealthSimulation" name="test_simulate_component_failure" time="0.044" /><testcase classname="tests.unit.api.test_health_endpoints_comprehensive.TestHealthSimulation" name="test_simulate_invalid_component_failure" time="0.003" /><testcase classname="tests.unit.api.test_health_endpoints_comprehensive.TestHealthRefresh" name="test_refresh_health_checks" time="0.065" /><testcase classname="tests.unit.api.test_health_endpoints_comprehensive.TestHealthCheckPerformance" name="test_concurrent_health_checks" time="0.028" /><testcase classname="tests.unit.api.test_health_endpoints_comprehensive.TestHealthCheckPerformance" name="test_detailed_health_check_performance" time="0.064" /><testcase classname="tests.unit.api.test_health_endpoints_comprehensive.TestHealthCheckReliability" name="test_health_check_consistency" time="0.012" /><testcase classname="tests.unit.api.test_health_endpoints_comprehensive.TestHealthCheckReliability" name="test_component_status_persistence" time="0.000"><skipped type="pytest.skip" message="Skipped by CI stabilization process">/home/runner/work/FootballPrediction/FootballPrediction/tests/unit/api/test_health_endpoints_comprehensive.py:969: Skipped by CI stabilization process</skipped></testcase><testcase classname="tests.unit.api.test_health_endpoints_comprehensive.TestHealthCheckErrorHandling" name="test_health_check_robustness" time="0.084" /><testcase classname="tests.unit.api.test_health_endpoints_comprehensive.TestHealthCheckErrorHandling" name="test_invalid_endpoints" time="0.007" /><testcase classname="tests.unit.api.test_health_endpoints_comprehensive.TestHealthCheckIntegration" name="test_full_health_workflow" time="0.213" /><testcase classname="tests.unit.api.test_health_endpoints_comprehensive.TestHealthCheckIntegration" name="test_health_check_with_component_failure_simulation" time="0.094" /><testcase classname="tests.unit.api.test_health_extended.TestAPIHealthExtended" name="test_health_check_all_components" time="0.000"><skipped type="pytest.skip" message="Skipped by CI stabilization process">/home/runner/work/FootballPrediction/FootballPrediction/tests/unit/api/test_health_extended.py:19: Skipped by CI stabilization process</skipped></testcase><testcase classname="tests.unit.api.test_health_extended.TestAPIHealthExtended" name="test_health_check_database_failure" time="0.000"><skipped type="pytest.skip" message="Skipped by CI stabilization process">/home/runner/work/FootballPrediction/FootballPrediction/tests/unit/api/test_health_extended.py:36: Skipped by CI stabilization process</skipped></testcase><testcase classname="tests.unit.api.test_health_extended.TestAPIHealthExtended" name="test_health_check_with_middleware" time="0.000"><skipped type="pytest.skip" message="Skipped by CI stabilization process">/home/runner/work/FootballPrediction/FootballPrediction/tests/unit/api/test_health_extended.py:47: Skipped by CI stabilization process</skipped></testcase><testcase classname="tests.unit.api.test_health_extended.TestAPIHealthExtended" name="test_health_metrics" time="0.000"><skipped type="pytest.skip" message="Skipped by CI stabilization process">/home/runner/work/FootballPrediction/FootballPrediction/tests/unit/api/test_health_extended.py:53: Skipped by CI stabilization process</skipped></testcase><testcase classname="tests.unit.api.test_health_routes.TestHealthRoutes" name="test_health_check_basic" time="0.006" /><testcase classname="tests.unit.api.test_health_routes.TestHealthRoutes" name="test_health_check_response_structure" time="0.005" /><testcase classname="tests.unit.api.test_health_routes.TestHealthRoutes" name="test_health_check_service_info" time="0.007" /><testcase classname="tests.unit.api.test_health_routes.TestHealthRoutes" name="test_detailed_health_check_basic" time="0.008" /><testcase classname="tests.unit.api.test_health_routes.TestHealthRoutes" name="test_detailed_health_check_response_structure" time="0.008" /><testcase classname="tests.unit.api.test_health_routes.TestHealthRoutes" name="test_detailed_health_check_components" time="0.008" /><testcase classname="tests.unit.api.test_health_routes.TestHealthRoutes" name="test_health_check_timestamp_validity" time="0.004" /><testcase classname="tests.unit.api.test_health_routes.TestHealthRoutes" name="test_health_check_consistency" time="0.006" /><testcase classname="tests.unit.api.test_health_routes.TestHealthRoutes" name="test_health_check_headers" time="0.004" /><testcase classname="tests.unit.api.test_health_routes.TestHealthRoutes" name="test_detailed_health_check_error_handling" time="0.010" /><testcase classname="tests.unit.api.test_health_routes.TestHealthRoutes" name="test_health_check_performance" time="0.005" /><testcase classname="tests.unit.api.test_health_routes.TestHealthRoutes" name="test_detailed_health_check_performance" time="0.005" /><testcase classname="tests.unit.api.test_health_routes.TestHealthRoutes" name="test_health_check_cors_headers" time="0.004" /><testcase classname="tests.unit.api.test_health_routes.TestHealthRoutes" name="test_invalid_endpoint_handling" time="0.004" /><testcase classname="tests.unit.api.test_health_routes.TestHealthRoutes" name="test_health_check_content_encoding" time="0.004" /><testcase classname="tests.unit.api.test_health_routes.TestHealthRoutes" name="test_detailed_health_check_service_info" time="0.009" /><testcase classname="tests.unit.api.test_health_routes.TestHealthRoutes" name="test_health_check_multiple_requests" time="0.013" /><testcase classname="tests.unit.api.test_jwt_auth_core.TestJWTAuthManagerInitialization" name="test_init_with_custom_parameters" time="0.001" /><testcase classname="tests.unit.api.test_jwt_auth_core.TestJWTAuthManagerInitialization" name="test_init_with_default_parameters" time="0.000"><skipped type="pytest.skip" message="Skipped by CI stabilization process">/home/runner/work/FootballPrediction/FootballPrediction/tests/unit/api/test_jwt_auth_core.py:42: Skipped by CI stabilization process</skipped></testcase><testcase classname="tests.unit.api.test_jwt_auth_core.TestJWTAuthManagerInitialization" name="test_init_with_env_secret_key" time="0.002" /><testcase classname="tests.unit.api.test_jwt_auth_core.TestJWTAuthManagerInitialization" name="test_secret_key_generation" time="0.001" /><testcase classname="tests.unit.api.test_jwt_auth_core.TestTokenCreation" name="test_create_access_token_basic" time="0.001" /><testcase classname="tests.unit.api.test_jwt_auth_core.TestTokenCreation" name="test_create_access_token_with_custom_expiry" time="0.001" /><testcase classname="tests.unit.api.test_jwt_auth_core.TestTokenCreation" name="test_create_refresh_token_basic" time="0.001" /><testcase classname="tests.unit.api.test_jwt_auth_core.TestTokenCreation" name="test_create_refresh_token_with_custom_expiry" time="0.001" /><testcase classname="tests.unit.api.test_jwt_auth_core.TestTokenCreation" name="test_token_data_includes_required_fields" time="0.000"><skipped type="pytest.skip" message="Skipped by CI stabilization process">/home/runner/work/FootballPrediction/FootballPrediction/tests/unit/api/test_jwt_auth_core.py:139: Skipped by CI stabilization process</skipped></testcase><testcase classname="tests.unit.api.test_jwt_auth_core.TestTokenVerification" name="test_verify_valid_access_token" time="0.002" /><testcase classname="tests.unit.api.test_jwt_auth_core.TestTokenVerification" name="test_verify_valid_refresh_token" time="0.000"><skipped type="pytest.skip" message="Skipped by CI stabilization process">/home/runner/work/FootballPrediction/FootballPrediction/tests/unit/api/test_jwt_auth_core.py:201: Skipped by CI stabilization process</skipped></testcase><testcase classname="tests.unit.api.test_jwt_auth_core.TestTokenVerification" name="test_verify_invalid_signature_token" time="0.002" /><testcase classname="tests.unit.api.test_jwt_auth_core.TestTokenVerification" name="test_verify_malformed_token" time="0.003" /><testcase classname="tests.unit.api.test_jwt_auth_core.TestTokenVerification" name="test_verify_expired_token" time="0.002" /><testcase classname="tests.unit.api.test_jwt_auth_core.TestTokenVerification" name="test_verify_token_wrong_secret" time="0.002" /><testcase classname="tests.unit.api.test_jwt_auth_core.TestTokenVerification" name="test_verify_token_wrong_algorithm" time="0.000"><skipped type="pytest.skip" message="Skipped by CI stabilization process">/home/runner/work/FootballPrediction/FootballPrediction/tests/unit/api/test_jwt_auth_core.py:269: Skipped by CI stabilization process</skipped></testcase><testcase classname="tests.unit.api.test_jwt_auth_core.TestPasswordManagement" name="test_hash_password" time="0.000"><skipped type="pytest.skip" message="Skipped by CI stabilization process">/home/runner/work/FootballPrediction/FootballPrediction/tests/unit/api/test_jwt_auth_core.py:293: Skipped by CI stabilization process</skipped></testcase><testcase classname="tests.unit.api.test_jwt_auth_core.TestPasswordManagement" name="test_verify_correct_password" time="0.001"><skipped type="pytest.skip" message="Skipped by CI stabilization process">/home/runner/work/FootballPrediction/FootballPrediction/tests/unit/api/test_jwt_auth_core.py:303: Skipped by CI stabilization process</skipped></testcase><testcase classname="tests.unit.api.test_jwt_auth_core.TestPasswordManagement" name="test_verify_incorrect_password" time="0.000"><skipped type="pytest.skip" message="Skipped by CI stabilization process">/home/runner/work/FootballPrediction/FootballPrediction/tests/unit/api/test_jwt_auth_core.py:311: Skipped by CI stabilization process</skipped></testcase><testcase classname="tests.unit.api.test_jwt_auth_core.TestPasswordManagement" name="test_verify_empty_password" time="0.000"><skipped type="pytest.skip" message="Skipped by CI stabilization process">/home/runner/work/FootballPrediction/FootballPrediction/tests/unit/api/test_jwt_auth_core.py:320: Skipped by CI stabilization process</skipped></testcase><testcase classname="tests.unit.api.test_jwt_auth_core.TestPasswordManagement" name="test_hash_different_passwords_different_hashes" time="0.000"><skipped type="pytest.skip" message="Skipped by CI stabilization process">/home/runner/work/FootballPrediction/FootballPrediction/tests/unit/api/test_jwt_auth_core.py:328: Skipped by CI stabilization process</skipped></testcase><testcase classname="tests.unit.api.test_jwt_auth_core.TestPasswordManagement" name="test_hash_same_password_different_hashes" time="0.000"><skipped type="pytest.skip" message="Skipped by CI stabilization process">/home/runner/work/FootballPrediction/FootballPrediction/tests/unit/api/test_jwt_auth_core.py:338: Skipped by CI stabilization process</skipped></testcase><testcase classname="tests.unit.api.test_jwt_auth_core.TestPasswordStrengthValidation" name="test_strong_password_validation" time="0.001" /><testcase classname="tests.unit.api.test_jwt_auth_core.TestPasswordStrengthValidation" name="test_weak_password_validation" time="0.001" /><testcase classname="tests.unit.api.test_jwt_auth_core.TestPasswordStrengthValidation" name="test_minimum_length_validation" time="0.001" /><testcase classname="tests.unit.api.test_jwt_auth_core.TestPasswordStrengthValidation" name="test_password_complexity_requirements" time="0.001" /><testcase classname="tests.unit.api.test_jwt_auth_core.TestPasswordResetTokens" name="test_generate_password_reset_token" time="0.001" /><testcase classname="tests.unit.api.test_jwt_auth_core.TestPasswordResetTokens" name="test_verify_password_reset_token_success" time="0.002" /><testcase classname="tests.unit.api.test_jwt_auth_core.TestPasswordResetTokens" name="test_verify_password_reset_token_invalid" time="0.002" /><testcase classname="tests.unit.api.test_jwt_auth_core.TestPasswordResetTokens" name="test_verify_password_reset_token_expired" time="0.002" /><testcase classname="tests.unit.api.test_jwt_auth_core.TestPasswordResetTokens" name="test_verify_password_reset_token_wrong_secret" time="0.002" /><testcase classname="tests.unit.api.test_jwt_auth_core.TestTokenBlacklisting" name="test_blacklist_token_without_redis" time="0.003" /><testcase classname="tests.unit.api.test_jwt_auth_core.TestTokenBlacklisting" name="test_is_token_blacklisted_without_redis" time="0.002" /><testcase classname="tests.unit.api.test_jwt_auth_core.TestUserAuthModel" name="test_user_auth_creation" time="0.001" /><testcase classname="tests.unit.api.test_jwt_auth_core.TestUserAuthModel" name="test_user_auth_default_values" time="0.001" /><testcase classname="tests.unit.api.test_jwt_auth_core.TestUserAuthModel" name="test_user_auth_admin_role" time="0.001" /><testcase classname="tests.unit.api.test_jwt_auth_core.TestUserAuthModel" name="test_user_auth_inactive_user" time="0.001" /><testcase classname="tests.unit.api.test_jwt_auth_core.TestTokenDataModel" name="test_token_data_creation" time="0.001" /><testcase classname="tests.unit.api.test_jwt_auth_core.TestTokenDataModel" name="test_token_data_refresh_token" time="0.001" /><testcase classname="tests.unit.api.test_jwt_auth_core.TestEdgeCases" name="test_verify_empty_string_token" time="0.002" /><testcase classname="tests.unit.api.test_jwt_auth_core.TestEdgeCases" name="test_verify_none_token" time="0.002" /><testcase classname="tests.unit.api.test_jwt_auth_core.TestEdgeCases" name="test_create_token_with_empty_data" time="0.000"><skipped type="pytest.skip" message="Skipped by CI stabilization process">/home/runner/work/FootballPrediction/FootballPrediction/tests/unit/api/test_jwt_auth_core.py:678: Skipped by CI stabilization process</skipped></testcase><testcase classname="tests.unit.api.test_jwt_auth_core.TestEdgeCases" name="test_create_token_with_none_data" time="0.000"><skipped type="pytest.skip" message="Skipped by CI stabilization process">/home/runner/work/FootballPrediction/FootballPrediction/tests/unit/api/test_jwt_auth_core.py:683: Skipped by CI stabilization process</skipped></testcase><testcase classname="tests.unit.api.test_jwt_auth_core.TestEdgeCases" name="test_hash_empty_password" time="0.000"><skipped type="pytest.skip" message="Skipped by CI stabilization process">/home/runner/work/FootballPrediction/FootballPrediction/tests/unit/api/test_jwt_auth_core.py:688: Skipped by CI stabilization process</skipped></testcase><testcase classname="tests.unit.api.test_jwt_auth_core.TestEdgeCases" name="test_verify_empty_hashed_password" time="0.001" /><testcase classname="tests.unit.api.test_jwt_auth_core.TestEdgeCases" name="test_generate_multiple_secret_keys" time="0.001" /><testcase classname="tests.unit.api.test_jwt_auth_core.TestEdgeCases" name="test_secret_key_length_consistency" time="0.001" /><testcase classname="tests.unit.api.test_misc_api_endpoints.TestFastAPIApplication" name="test_fastapi_app_exists" time="0.001" /><testcase classname="tests.unit.api.test_misc_api_endpoints.TestFastAPIApplication" name="test_app_configuration" time="0.001" /><testcase classname="tests.unit.api.test_misc_api_endpoints.TestBasicRoutes" name="test_health_endpoint" time="0.001" /><testcase classname="tests.unit.api.test_misc_api_endpoints.TestBasicRoutes" name="test_root_endpoint" time="0.001" /><testcase classname="tests.unit.api.test_misc_api_endpoints.TestAPIStructure" name="test_router_structure" time="0.001" /><testcase classname="tests.unit.api.test_misc_api_endpoints.TestAPIStructure" name="test_middleware_configuration" time="0.001" /><testcase classname="tests.unit.api.test_misc_api_endpoints.TestAPIResponse" name="test_json_response_format" time="0.001" /><testcase classname="tests.unit.api.test_misc_api_endpoints.TestAPIResponse" name="test_error_response_format" time="0.001" /><testcase classname="tests.unit.api.test_misc_api_endpoints.TestAPIValidation" name="test_request_validation" time="0.001" /><testcase classname="tests.unit.api.test_misc_api_endpoints.TestAPIValidation" name="test_response_validation" time="0.001" /><testcase classname="tests.unit.api.test_monitoring_new.TestAPIMonitoring" name="test_get_metrics" time="0.000"><skipped type="pytest.skip" message="Skipped by CI stabilization process">/home/runner/work/FootballPrediction/FootballPrediction/tests/unit/api/test_monitoring_new.py:21: Skipped by CI stabilization process</skipped></testcase><testcase classname="tests.unit.api.test_monitoring_new.TestAPIMonitoring" name="test_get_performance_stats" time="0.000"><skipped type="pytest.skip" message="Skipped by CI stabilization process">/home/runner/work/FootballPrediction/FootballPrediction/tests/unit/api/test_monitoring_new.py:38: Skipped by CI stabilization process</skipped></testcase><testcase classname="tests.unit.api.test_monitoring_new.TestAPIMonitoring" name="test_get_alerts" time="0.000"><skipped type="pytest.skip" message="Skipped by CI stabilization process">/home/runner/work/FootballPrediction/FootballPrediction/tests/unit/api/test_monitoring_new.py:54: Skipped by CI stabilization process</skipped></testcase><testcase classname="tests.unit.api.test_monitoring_new.TestAPIMonitoring" name="test_trigger_alert" time="0.000"><skipped type="pytest.skip" message="Skipped by CI stabilization process">/home/runner/work/FootballPrediction/FootballPrediction/tests/unit/api/test_monitoring_new.py:73: Skipped by CI stabilization process</skipped></testcase><testcase classname="tests.unit.api.test_monitoring_new.TestAPIMonitoring" name="test_acknowledge_alert" time="0.000"><skipped type="pytest.skip" message="Skipped by CI stabilization process">/home/runner/work/FootballPrediction/FootballPrediction/tests/unit/api/test_monitoring_new.py:85: Skipped by CI stabilization process</skipped></testcase><testcase classname="tests.unit.api.test_monitoring_new.TestAPIMonitoring" name="test_health_check_with_metrics" time="0.000"><skipped type="pytest.skip" message="Skipped by CI stabilization process">/home/runner/work/FootballPrediction/FootballPrediction/tests/unit/api/test_monitoring_new.py:95: Skipped by CI stabilization process</skipped></testcase><testcase classname="tests.unit.api.test_monitoring_new_fixed.TestAPIMonitoring" name="test_get_metrics" time="0.000"><skipped type="pytest.skip" message="Skipped by CI stabilization process">/home/runner/work/FootballPrediction/FootballPrediction/tests/unit/api/test_monitoring_new_fixed.py:21: Skipped by CI stabilization process</skipped></testcase><testcase classname="tests.unit.api.test_monitoring_new_fixed.TestAPIMonitoring" name="test_get_stats" time="0.000"><skipped type="pytest.skip" message="Skipped by CI stabilization process">/home/runner/work/FootballPrediction/FootballPrediction/tests/unit/api/test_monitoring_new_fixed.py:32: Skipped by CI stabilization process</skipped></testcase><testcase classname="tests.unit.api.test_monitoring_new_fixed.TestAPIMonitoring" name="test_get_status" time="0.000"><skipped type="pytest.skip" message="Skipped by CI stabilization process">/home/runner/work/FootballPrediction/FootballPrediction/tests/unit/api/test_monitoring_new_fixed.py:47: Skipped by CI stabilization process</skipped></testcase><testcase classname="tests.unit.api.test_monitoring_new_fixed.TestAPIMonitoring" name="test_monitoring_root" time="0.000"><skipped type="pytest.skip" message="Skipped by CI stabilization process">/home/runner/work/FootballPrediction/FootballPrediction/tests/unit/api/test_monitoring_new_fixed.py:63: Skipped by CI stabilization process</skipped></testcase><testcase classname="tests.unit.api.test_monitoring_new_fixed.TestAPIMonitoring" name="test_prometheus_metrics" time="0.000"><skipped type="pytest.skip" message="Skipped by CI stabilization process">/home/runner/work/FootballPrediction/FootballPrediction/tests/unit/api/test_monitoring_new_fixed.py:77: Skipped by CI stabilization process</skipped></testcase><testcase classname="tests.unit.api.test_monitoring_new_fixed.TestAPIMonitoring" name="test_collector_health" time="0.000"><skipped type="pytest.skip" message="Skipped by CI stabilization process">/home/runner/work/FootballPrediction/FootballPrediction/tests/unit/api/test_monitoring_new_fixed.py:90: Skipped by CI stabilization process</skipped></testcase><testcase classname="tests.unit.api.test_monitoring_simple.TestAPIMonitoring" name="test_get_metrics" time="0.000"><skipped type="pytest.skip" message="Skipped by CI stabilization process">/home/runner/work/FootballPrediction/FootballPrediction/tests/unit/api/test_monitoring_simple.py:19: Skipped by CI stabilization process</skipped></testcase><testcase classname="tests.unit.api.test_monitoring_simple.TestAPIMonitoring" name="test_get_stats" time="0.000"><skipped type="pytest.skip" message="Skipped by CI stabilization process">/home/runner/work/FootballPrediction/FootballPrediction/tests/unit/api/test_monitoring_simple.py:29: Skipped by CI stabilization process</skipped></testcase><testcase classname="tests.unit.api.test_monitoring_simple.TestAPIMonitoring" name="test_get_status" time="0.000"><skipped type="pytest.skip" message="Skipped by CI stabilization process">/home/runner/work/FootballPrediction/FootballPrediction/tests/unit/api/test_monitoring_simple.py:37: Skipped by CI stabilization process</skipped></testcase><testcase classname="tests.unit.api.test_monitoring_simple.TestAPIMonitoring" name="test_monitoring_root" time="0.000"><skipped type="pytest.skip" message="Skipped by CI stabilization process">/home/runner/work/FootballPrediction/FootballPrediction/tests/unit/api/test_monitoring_simple.py:45: Skipped by CI stabilization process</skipped></testcase><testcase classname="tests.unit.api.test_monitoring_simple.TestAPIMonitoring" name="test_prometheus_metrics" time="0.000"><skipped type="pytest.skip" message="Skipped by CI stabilization process">/home/runner/work/FootballPrediction/FootballPrediction/tests/unit/api/test_monitoring_simple.py:53: Skipped by CI stabilization process</skipped></testcase><testcase classname="tests.unit.api.test_monitoring_simple.TestAPIMonitoring" name="test_collector_health" time="0.000"><skipped type="pytest.skip" message="Skipped by CI stabilization process">/home/runner/work/FootballPrediction/FootballPrediction/tests/unit/api/test_monitoring_simple.py:60: Skipped by CI stabilization process</skipped></testcase><testcase classname="tests.unit.api.test_performance_optimization.TestPerformanceMetrics" name="test_metrics_initialization" time="0.001" /><testcase classname="tests.unit.api.test_performance_optimization.TestPerformanceMetrics" name="test_record_request" time="0.001" /><testcase classname="tests.unit.api.test_performance_optimization.TestPerformanceMetrics" name="test_get_endpoint_stats" time="0.001" /><testcase classname="tests.unit.api.test_performance_optimization.TestPerformanceMetrics" name="test_error_rate_calculation" time="0.001" /><testcase classname="tests.unit.api.test_performance_optimization.TestPerformanceOptimizer" name="test_analyze_performance_good_performance" time="0.001" /><testcase classname="tests.unit.api.test_performance_optimization.TestPerformanceOptimizer" name="test_analyze_slow_endpoints" time="0.001" /><testcase classname="tests.unit.api.test_performance_optimization.TestPerformanceOptimizer" name="test_analyze_high_error_rate" time="0.001" /><testcase classname="tests.unit.api.test_performance_optimization.TestSmartCacheManager" name="test_cache_manager_initialization" time="0.001" /><testcase classname="tests.unit.api.test_performance_optimization.TestSmartCacheManager" name="test_cache_set_and_get" time="0.002" /><testcase classname="tests.unit.api.test_performance_optimization.TestSmartCacheManager" name="test_cache_expiration" time="2.005" /><testcase classname="tests.unit.api.test_performance_optimization.TestSmartCacheManager" name="test_cache_delete" time="0.002" /><testcase classname="tests.unit.api.test_performance_optimization.TestSmartCacheManager" name="test_cache_entry_creation" time="0.001" /><testcase classname="tests.unit.api.test_performance_optimization.TestSmartCacheManager" name="test_cache_entry_access" time="0.001" /><testcase classname="tests.unit.api.test_performance_optimization.TestEnhancedPerformanceMiddleware" name="test_middleware_initialization" time="0.002" /><testcase classname="tests.unit.api.test_performance_optimization.TestEnhancedPerformanceMiddleware" name="test_endpoint_extraction" time="0.002" /><testcase classname="tests.unit.api.test_performance_optimization.TestEnhancedPerformanceMiddleware" name="test_middleware_disabled" time="0.005" /><testcase classname="tests.unit.api.test_performance_optimization.TestCacheIntegration" name="test_cache_with_redis_mock" time="0.004" /><testcase classname="tests.unit.api.test_performance_optimization.TestCacheIntegration" name="test_cache_stats_calculation" time="0.001" /><testcase classname="tests.unit.api.test_performance_optimization.TestCacheIntegration" name="test_cache_optimization" time="0.001" /><testcase classname="tests.unit.api.test_predictions_fixed.TestPredictionsAPI" name="test_predictions_root_endpoint" time="0.000"><skipped type="pytest.skip" message="Skipped by CI stabilization process">/home/runner/work/FootballPrediction/FootballPrediction/tests/unit/api/test_predictions_fixed.py:40: Skipped by CI stabilization process</skipped></testcase><testcase classname="tests.unit.api.test_predictions_fixed.TestPredictionsAPI" name="test_predictions_health_check" time="0.001"><skipped type="pytest.skip" message="Skipped by CI stabilization process">/home/runner/work/FootballPrediction/FootballPrediction/tests/unit/api/test_predictions_fixed.py:51: Skipped by CI stabilization process</skipped></testcase><testcase classname="tests.unit.api.test_predictions_fixed.TestPredictionsAPI" name="test_get_recent_predictions" time="0.000"><skipped type="pytest.skip" message="Skipped by CI stabilization process">/home/runner/work/FootballPrediction/FootballPrediction/tests/unit/api/test_predictions_fixed.py:60: Skipped by CI stabilization process</skipped></testcase><testcase classname="tests.unit.api.test_predictions_fixed.TestPredictionsAPI" name="test_get_prediction_by_id" time="0.000"><skipped type="pytest.skip" message="Skipped by CI stabilization process">/home/runner/work/FootballPrediction/FootballPrediction/tests/unit/api/test_predictions_fixed.py:79: Skipped by CI stabilization process</skipped></testcase><testcase classname="tests.unit.api.test_predictions_fixed.TestPredictionsAPI" name="test_create_prediction" time="0.000"><skipped type="pytest.skip" message="Skipped by CI stabilization process">/home/runner/work/FootballPrediction/FootballPrediction/tests/unit/api/test_predictions_fixed.py:102: Skipped by CI stabilization process</skipped></testcase><testcase classname="tests.unit.api.test_predictions_fixed.TestPredictionsAPI" name="test_create_prediction_default_values" time="0.000"><skipped type="pytest.skip" message="Skipped by CI stabilization process">/home/runner/work/FootballPrediction/FootballPrediction/tests/unit/api/test_predictions_fixed.py:122: Skipped by CI stabilization process</skipped></testcase><testcase classname="tests.unit.api.test_predictions_fixed.TestPredictionsAPI" name="test_batch_predict" time="0.000"><skipped type="pytest.skip" message="Skipped by CI stabilization process">/home/runner/work/FootballPrediction/FootballPrediction/tests/unit/api/test_predictions_fixed.py:134: Skipped by CI stabilization process</skipped></testcase><testcase classname="tests.unit.api.test_predictions_fixed.TestPredictionsAPI" name="test_batch_predict_invalid_match_ids" time="0.000"><skipped type="pytest.skip" message="Skipped by CI stabilization process">/home/runner/work/FootballPrediction/FootballPrediction/tests/unit/api/test_predictions_fixed.py:165: Skipped by CI stabilization process</skipped></testcase><testcase classname="tests.unit.api.test_predictions_fixed.TestPredictionsAPI" name="test_batch_predict_too_many_match_ids" time="0.000"><skipped type="pytest.skip" message="Skipped by CI stabilization process">/home/runner/work/FootballPrediction/FootballPrediction/tests/unit/api/test_predictions_fixed.py:174: Skipped by CI stabilization process</skipped></testcase><testcase classname="tests.unit.api.test_predictions_fixed.TestPredictionsAPI" name="test_get_prediction_invalid_match_id" time="0.000"><skipped type="pytest.skip" message="Skipped by CI stabilization process">/home/runner/work/FootballPrediction/FootballPrediction/tests/unit/api/test_predictions_fixed.py:186: Skipped by CI stabilization process</skipped></testcase><testcase classname="tests.unit.api.test_predictions_fixed.TestPredictionsAPI" name="test_prediction_result_validation" time="0.000"><skipped type="pytest.skip" message="Skipped by CI stabilization process">/home/runner/work/FootballPrediction/FootballPrediction/tests/unit/api/test_predictions_fixed.py:194: Skipped by CI stabilization process</skipped></testcase><testcase classname="tests.unit.api.test_predictions_fixed.TestPredictionsAPI" name="test_error_handling_invalid_endpoint" time="0.000"><skipped type="pytest.skip" message="Skipped by CI stabilization process">/home/runner/work/FootballPrediction/FootballPrediction/tests/unit/api/test_predictions_fixed.py:225: Skipped by CI stabilization process</skipped></testcase><testcase classname="tests.unit.api.test_predictions_fixed.TestPredictionsAPI" name="test_query_parameters_validation" time="0.000"><skipped type="pytest.skip" message="Skipped by CI stabilization process">/home/runner/work/FootballPrediction/FootballPrediction/tests/unit/api/test_predictions_fixed.py:232: Skipped by CI stabilization process</skipped></testcase><testcase classname="tests.unit.api.test_predictions_fixed.TestPredictionModels" name="test_prediction_request_model" time="0.001" /><testcase classname="tests.unit.api.test_predictions_fixed.TestPredictionModels" name="test_prediction_result_model" time="0.001" /><testcase classname="tests.unit.api.test_predictions_fixed.TestPredictionModels" name="test_batch_prediction_request_model" time="0.001" /><testcase classname="tests.unit.api.test_predictions_fixed.TestPredictionModels" name="test_batch_prediction_response_model" time="0.001" /><testcase classname="tests.unit.api.test_predictions_new.TestAPIPredictions" name="test_get_predictions_list" time="0.000"><skipped type="pytest.skip" message="Skipped by CI stabilization process">/home/runner/work/FootballPrediction/FootballPrediction/tests/unit/api/test_predictions_new.py:26: Skipped by CI stabilization process</skipped></testcase><testcase classname="tests.unit.api.test_predictions_new.TestAPIPredictions" name="test_create_prediction" time="0.000"><skipped type="pytest.skip" message="Skipped by CI stabilization process">/home/runner/work/FootballPrediction/FootballPrediction/tests/unit/api/test_predictions_new.py:39: Skipped by CI stabilization process</skipped></testcase><testcase classname="tests.unit.api.test_predictions_new.TestAPIPredictions" name="test_get_prediction_by_id" time="0.000"><skipped type="pytest.skip" message="Skipped by CI stabilization process">/home/runner/work/FootballPrediction/FootballPrediction/tests/unit/api/test_predictions_new.py:59: Skipped by CI stabilization process</skipped></testcase><testcase classname="tests.unit.api.test_predictions_new.TestAPIPredictions" name="test_prediction_not_found" time="0.000"><skipped type="pytest.skip" message="Skipped by CI stabilization process">/home/runner/work/FootballPrediction/FootballPrediction/tests/unit/api/test_predictions_new.py:74: Skipped by CI stabilization process</skipped></testcase><testcase classname="tests.unit.api.test_predictions_new.TestAPIPredictions" name="test_invalid_prediction_data" time="0.000"><skipped type="pytest.skip" message="Skipped by CI stabilization process">/home/runner/work/FootballPrediction/FootballPrediction/tests/unit/api/test_predictions_new.py:82: Skipped by CI stabilization process</skipped></testcase><testcase classname="tests.unit.api.test_predictions_new.TestAPIPredictions" name="test_unauthorized_access" time="0.000"><skipped type="pytest.skip" message="Skipped by CI stabilization process">/home/runner/work/FootballPrediction/FootballPrediction/tests/unit/api/test_predictions_new.py:91: Skipped by CI stabilization process</skipped></testcase><testcase classname="tests.unit.api.test_predictions_optimized.TestPredictionsOptimizedRouter" name="test_predictions_health_check" time="0.133" /><testcase classname="tests.unit.api.test_predictions_optimized.TestPredictionsOptimizedRouter" name="test_predictions_health_check_response_structure" time="0.129" /><testcase classname="tests.unit.api.test_predictions_optimized.TestPredictionsOptimizedRouter" name="test_predictions_service_info" time="0.127" /><testcase classname="tests.unit.api.test_predictions_optimized.TestPredictionsOptimizedRouter" name="test_predictions_health_check_components" time="0.127" /><testcase classname="tests.unit.api.test_predictions_optimized.TestPredictionsOptimizedRouter" name="test_predictions_health_check_error_handling" time="0.129" /><testcase classname="tests.unit.api.test_predictions_optimized.TestPredictionsOptimizedRouter" name="test_predictions_invalid_endpoint" time="0.012" /><testcase classname="tests.unit.api.test_predictions_optimized.TestPredictionsOptimizedRouter" name="test_predictions_method_not_allowed" time="0.012" /><testcase classname="tests.unit.api.test_predictions_optimized.TestPredictionsOptimizedRouter" name="test_predictions_health_check_performance" time="0.127" /><testcase classname="tests.unit.api.test_predictions_optimized.TestPredictionsOptimizedRouter" name="test_predictions_health_check_headers" time="0.128" /><testcase classname="tests.unit.api.test_predictions_optimized.TestPredictionsOptimizedRouter" name="test_predictions_health_check_multiple_requests" time="0.360" /><testcase classname="tests.unit.api.test_predictions_optimized.TestPredictionsOptimizedRouter" name="test_predictions_health_check_timestamp_validity" time="0.129" /><testcase classname="tests.unit.api.test_predictions_optimized.TestPredictionsOptimizedRouter" name="test_predictions_health_check_service_tags" time="0.011" /><testcase classname="tests.unit.api.test_predictions_optimized.TestPredictionsOptimizedRouter" name="test_predictions_prefix_configuration" time="0.010" /><testcase classname="tests.unit.api.test_predictions_optimized.TestPredictionsOptimizedRouter" name="test_predictions_route_summary" time="0.009" /><testcase classname="tests.unit.api.test_predictions_optimized.TestPredictionsOptimizedRouter" name="test_predictions_router_tags" time="0.009" /><testcase classname="tests.unit.api.test_predictions_optimized.TestPredictionsOptimizedRouter" name="test_predictions_module_imports" time="0.009" /><testcase classname="tests.unit.api.test_predictions_optimized.TestPredictionsOptimizedRouter" name="test_predictions_dependencies_injection" time="0.010" /><testcase classname="tests.unit.api.test_predictions_optimized.TestPredictionsOptimizedRouter" name="test_predictions_cache_manager_integration" time="0.010" /><testcase classname="tests.unit.api.test_predictions_optimized.TestPredictionsOptimizedRouter" name="test_predictions_system_monitor_integration" time="0.010" /><testcase classname="tests.unit.api.test_predictions_optimized.TestPredictionsOptimizedRouter" name="test_predictions_global_service_instance" time="0.011" /><testcase classname="tests.unit.api.test_predictions_optimized.TestPredictionsOptimizedRouter" name="test_predictions_router_configuration" time="0.010" /><testcase classname="tests.unit.api.test_predictions_simple.TestPredictionModels" name="test_prediction_request_default_values" time="0.001" /><testcase classname="tests.unit.api.test_predictions_simple.TestPredictionModels" name="test_prediction_request_custom_values" time="0.001" /><testcase classname="tests.unit.api.test_predictions_simple.TestPredictionModels" name="test_prediction_result_valid_data" time="0.001" /><testcase classname="tests.unit.api.test_predictions_simple.TestPredictionModels" name="test_prediction_result_probability_validation" time="0.001" /><testcase classname="tests.unit.api.test_predictions_simple.TestPredictionModels" name="test_prediction_result_invalid_probabilities" time="0.001" /><testcase classname="tests.unit.api.test_predictions_simple.TestPredictionModels" name="test_prediction_result_invalid_outcome" time="0.001" /><testcase classname="tests.unit.api.test_predictions_simple.TestPredictionModels" name="test_batch_prediction_request_valid" time="0.001" /><testcase classname="tests.unit.api.test_predictions_simple.TestPredictionModels" name="test_batch_prediction_request_empty_list" time="0.001" /><testcase classname="tests.unit.api.test_predictions_simple.TestPredictionModels" name="test_batch_prediction_request_too_many_matches" time="0.001" /><testcase classname="tests.unit.api.test_predictions_simple.TestPredictionModels" name="test_recent_prediction_model" time="0.001" /><testcase classname="tests.unit.api.test_predictions_simple.TestPredictionModels" name="test_prediction_verification_model" time="0.001" /><testcase classname="tests.unit.api.test_predictions_simple.TestPredictionAPIEndpoints" name="test_get_predictions_root" time="0.015" /><testcase classname="tests.unit.api.test_predictions_simple.TestPredictionAPIEndpoints" name="test_health_check" time="0.014" /><testcase classname="tests.unit.api.test_predictions_simple.TestPredictionAPIEndpoints" name="test_get_recent_predictions_default_params" time="0.016" /><testcase classname="tests.unit.api.test_predictions_simple.TestPredictionAPIEndpoints" name="test_get_recent_predictions_custom_params" time="0.015" /><testcase classname="tests.unit.api.test_predictions_simple.TestPredictionAPIEndpoints" name="test_get_recent_predictions_invalid_limit" time="0.016" /><testcase classname="tests.unit.api.test_predictions_simple.TestPredictionAPIEndpoints" name="test_get_prediction_valid_match_id" time="0.000"><skipped type="pytest.skip" message="Skipped by CI stabilization process">/home/runner/work/FootballPrediction/FootballPrediction/tests/unit/api/test_predictions_simple.py:285: Skipped by CI stabilization process</skipped></testcase><testcase classname="tests.unit.api.test_predictions_simple.TestPredictionAPIEndpoints" name="test_get_prediction_with_custom_params" time="0.000"><skipped type="pytest.skip" message="Skipped by CI stabilization process">/home/runner/work/FootballPrediction/FootballPrediction/tests/unit/api/test_predictions_simple.py:305: Skipped by CI stabilization process</skipped></testcase><testcase classname="tests.unit.api.test_predictions_simple.TestPredictionAPIEndpoints" name="test_create_prediction_success" time="0.027" /><testcase classname="tests.unit.api.test_predictions_simple.TestPredictionAPIEndpoints" name="test_create_prediction_default_params" time="0.027" /><testcase classname="tests.unit.api.test_predictions_simple.TestPredictionAPIEndpoints" name="test_batch_predict_success" time="0.016" /><testcase classname="tests.unit.api.test_predictions_simple.TestPredictionAPIEndpoints" name="test_batch_predict_too_many_matches" time="0.015" /><testcase classname="tests.unit.api.test_predictions_simple.TestPredictionAPIEndpoints" name="test_get_prediction_history_valid_match" time="0.015" /><testcase classname="tests.unit.api.test_predictions_simple.TestPredictionAPIEndpoints" name="test_get_prediction_history_with_limit" time="0.015" /><testcase classname="tests.unit.api.test_predictions_simple.TestPredictionAPIEndpoints" name="test_verify_prediction_correct" time="0.015" /><testcase classname="tests.unit.api.test_predictions_simple.TestPredictionAPIEndpoints" name="test_verify_prediction_incorrect" time="0.017" /><testcase classname="tests.unit.api.test_predictions_simple.TestPredictionAPIEndpoints" name="test_verify_prediction_invalid_result" time="0.015" /><testcase classname="tests.unit.api.test_predictions_simple.TestPredictionBusinessLogic" name="test_prediction_probability_sum_validation" time="0.001" /><testcase classname="tests.unit.api.test_predictions_simple.TestPredictionBusinessLogic" name="test_prediction_outcome_consistency" time="0.001" /><testcase classname="tests.unit.api.test_predictions_simple.TestPredictionBusinessLogic" name="test_confidence_range_validation" time="0.001" /><testcase classname="tests.unit.api.test_predictions_simple.TestPredictionBusinessLogic" name="test_model_version_consistency" time="0.001" /><testcase classname="tests.unit.api.test_predictions_simple.TestPredictionBusinessLogic" name="test_batch_prediction_response_accuracy" time="0.001" /><testcase classname="tests.unit.api.test_predictions_simple.TestPredictionBusinessLogic" name="test_prediction_verification_accuracy_calculation" time="0.001" /><testcase classname="tests.unit.api.test_predictions_simple.TestErrorHandling" name="test_prediction_model_validation_errors" time="0.001" /><testcase classname="tests.unit.api.test_predictions_simple.TestErrorHandling" name="test_batch_request_validation_errors" time="0.001" /><testcase classname="tests.unit.api.test_predictions_simple.TestErrorHandling" name="test_prediction_outcome_validation" time="0.001" /><testcase classname="tests.unit.api.test_predictions_simple.TestDataValidation" name="test_match_id_validation" time="0.001" /><testcase classname="tests.unit.api.test_predictions_simple.TestDataValidation" name="test_confidence_boundary_values" time="0.001" /><testcase classname="tests.unit.api.test_predictions_simple.TestDataValidation" name="test_model_version_formats" time="0.001" /><testcase classname="tests.unit.api.test_predictions_simple.TestDataValidation" name="test_prediction_timestamp_validation" time="0.001" /><testcase classname="tests.unit.api.test_predictions_simple.TestPerformanceConsiderations" name="test_batch_prediction_scaling" time="0.001" /><testcase classname="tests.unit.api.test_predictions_simple.TestPerformanceConsiderations" name="test_large_prediction_history" time="0.001" /><testcase classname="tests.unit.api.test_predictions_simple.TestPerformanceConsiderations" name="test_concurrent_prediction_requests" time="0.001" /><testcase classname="tests.unit.cache.test_cache_optimization.TestClusterNode" name="test_node_creation" time="0.001" /><testcase classname="tests.unit.cache.test_cache_optimization.TestClusterNode" name="test_node_health_tracking" time="0.001" /><testcase classname="tests.unit.cache.test_cache_optimization.TestConsistentHashRing" name="test_ring_initialization" time="0.001" /><testcase classname="tests.unit.cache.test_cache_optimization.TestConsistentHashRing" name="test_add_node" time="0.001" /><testcase classname="tests.unit.cache.test_cache_optimization.TestConsistentHashRing" name="test_remove_node" time="0.002" /><testcase classname="tests.unit.cache.test_cache_optimization.TestConsistentHashRing" name="test_get_node" time="0.002" /><testcase classname="tests.unit.cache.test_cache_optimization.TestConsistentHashRing" name="test_get_nodes_for_key" time="0.002" /><testcase classname="tests.unit.cache.test_cache_optimization.TestCacheEntry" name="test_cache_entry_creation" time="0.001" /><testcase classname="tests.unit.cache.test_cache_optimization.TestCacheEntry" name="test_cache_entry_expiration" time="2.001" /><testcase classname="tests.unit.cache.test_cache_optimization.TestCacheEntry" name="test_cache_entry_access" time="0.001" /><testcase classname="tests.unit.cache.test_cache_optimization.TestCacheEntry" name="test_cache_entry_validity" time="0.001" /><testcase classname="tests.unit.cache.test_cache_optimization.TestRedisClusterManager" name="test_manager_initialization" time="0.001" /><testcase classname="tests.unit.cache.test_cache_optimization.TestRedisClusterManager" name="test_add_node_success" time="0.000"><skipped type="pytest.skip" message="Skipped by CI stabilization process">/home/runner/work/FootballPrediction/FootballPrediction/tests/unit/cache/test_cache_optimization.py:211: Skipped by CI stabilization process</skipped></testcase><testcase classname="tests.unit.cache.test_cache_optimization.TestRedisClusterManager" name="test_remove_node" time="0.000"><skipped type="pytest.skip" message="Skipped by CI stabilization process">/home/runner/work/FootballPrediction/FootballPrediction/tests/unit/cache/test_cache_optimization.py:234: Skipped by CI stabilization process</skipped></testcase><testcase classname="tests.unit.cache.test_cache_optimization.TestRedisClusterManager" name="test_get_cache_miss" time="0.002" /><testcase classname="tests.unit.cache.test_cache_optimization.TestRedisClusterManager" name="test_set_and_get_cache" time="0.001" /><testcase classname="tests.unit.cache.test_cache_optimization.TestRedisClusterManager" name="test_health_check" time="0.002" /><testcase classname="tests.unit.cache.test_cache_optimization.TestRedisClusterManager" name="test_get_cluster_status" time="0.001" /><testcase classname="tests.unit.cache.test_cache_optimization.TestMemoryCache" name="test_memory_cache_initialization" time="0.001" /><testcase classname="tests.unit.cache.test_cache_optimization.TestMemoryCache" name="test_memory_cache_set_and_get" time="0.001" /><testcase classname="tests.unit.cache.test_cache_optimization.TestMemoryCache" name="test_memory_cache_expiration" time="2.001" /><testcase classname="tests.unit.cache.test_cache_optimization.TestMemoryCache" name="test_memory_cache_eviction" time="0.001" /><testcase classname="tests.unit.cache.test_cache_optimization.TestMemoryCache" name="test_memory_cache_metrics" time="0.001" /><testcase classname="tests.unit.cache.test_cache_optimization.TestVectorClock" name="test_vector_clock_creation" time="0.001" /><testcase classname="tests.unit.cache.test_cache_optimization.TestVectorClock" name="test_vector_clock_increment" time="0.001" /><testcase classname="tests.unit.cache.test_cache_optimization.TestVectorClock" name="test_vector_clock_update" time="0.001" /><testcase classname="tests.unit.cache.test_cache_optimization.TestVectorClock" name="test_vector_clock_happens_before" time="0.001" /><testcase classname="tests.unit.cache.test_cache_optimization.TestVectorClock" name="test_vector_clock_serialization" time="0.001" /><testcase classname="tests.unit.cache.test_cache_optimization.TestCacheVersion" name="test_cache_version_creation" time="0.001" /><testcase classname="tests.unit.cache.test_cache_optimization.TestCacheVersion" name="test_cache_version_validity" time="0.001" /><testcase classname="tests.unit.cache.test_cache_optimization.TestAccessPatternAnalyzer" name="test_analyzer_initialization" time="0.001" /><testcase classname="tests.unit.cache.test_cache_optimization.TestAccessPatternAnalyzer" name="test_record_access" time="0.001" /><testcase classname="tests.unit.cache.test_cache_optimization.TestAccessPatternAnalyzer" name="test_calculate_frequency" time="0.001" /><testcase classname="tests.unit.cache.test_cache_optimization.TestAccessPatternAnalyzer" name="test_predict_next_access" time="0.000"><skipped type="pytest.skip" message="Skipped by CI stabilization process">/home/runner/work/FootballPrediction/FootballPrediction/tests/unit/cache/test_cache_optimization.py:519: Skipped by CI stabilization process</skipped></testcase><testcase classname="tests.unit.cache.test_cache_optimization.TestAccessPatternAnalyzer" name="test_analyze_patterns" time="0.001" /><testcase classname="tests.unit.cache.test_cache_optimization.TestAccessPatternAnalyzer" name="test_get_warmup_candidates" time="0.001" /><testcase classname="tests.unit.cache.test_cache_optimization.TestIntelligentCacheWarmupManager" name="test_manager_initialization" time="0.001" /><testcase classname="tests.unit.cache.test_cache_optimization.TestIntelligentCacheWarmupManager" name="test_register_data_loader" time="0.001" /><testcase classname="tests.unit.cache.test_cache_optimization.TestIntelligentCacheWarmupManager" name="test_create_warmup_plan" time="0.002" /><testcase classname="tests.unit.cache.test_cache_optimization.TestIntelligentCacheWarmupManager" name="test_record_access" time="0.002" /><testcase classname="tests.unit.cache.test_cache_optimization.TestIntelligentCacheWarmupManager" name="test_execute_warmup_task" time="0.003" /><testcase classname="tests.unit.cache.test_cache_optimization.TestIntelligentCacheWarmupManager" name="test_get_warmup_statistics" time="0.002" /><testcase classname="tests.unit.cache.test_cache_optimization.TestIntegration" name="test_cache_workflow_integration" time="0.000"><skipped type="pytest.skip" message="Skipped by CI stabilization process">/home/runner/work/FootballPrediction/FootballPrediction/tests/unit/cache/test_cache_optimization.py:679: Skipped by CI stabilization process</skipped></testcase><testcase classname="tests.unit.cache.test_cache_optimization.TestIntegration" name="test_global_functions" time="0.002" /><testcase classname="tests.unit.cache.test_cache_optimization.TestIntegration" name="test_error_handling" time="0.002" /><testcase classname="tests.unit.cache.test_cache_warmup_core.TestWarmupStrategy" name="test_strategy_enum" time="0.001" /><testcase classname="tests.unit.cache.test_cache_warmup_core.TestPriorityLevel" name="test_priority_enum" time="0.001" /><testcase classname="tests.unit.cache.test_cache_warmup_core.TestAccessPattern" name="test_access_pattern_creation" time="0.001" /><testcase classname="tests.unit.cache.test_cache_warmup_core.TestAccessPattern" name="test_add_access" time="0.001" /><testcase classname="tests.unit.cache.test_cache_warmup_core.TestAccessPattern" name="test_calculate_frequency" time="0.001" /><testcase classname="tests.unit.cache.test_cache_warmup_core.TestWarmupTask" name="test_task_creation_with_required_params" time="0.001" /><testcase classname="tests.unit.cache.test_cache_warmup_core.TestWarmupTask" name="test_task_creation_with_optional_params" time="0.001" /><testcase classname="tests.unit.cache.test_cache_warmup_core.TestWarmupTask" name="test_task_repr" time="0.001" /><testcase classname="tests.unit.cache.test_cache_warmup_core.TestWarmupPlan" name="test_plan_creation_with_required_params" time="0.001" /><testcase classname="tests.unit.cache.test_cache_warmup_core.TestWarmupPlan" name="test_plan_creation_with_tasks" time="0.001" /><testcase classname="tests.unit.cache.test_cache_warmup_core.TestAccessPatternAnalyzer" name="test_analyzer_initialization" time="0.001" /><testcase classname="tests.unit.cache.test_cache_warmup_core.TestAccessPatternAnalyzer" name="test_record_access" time="0.001" /><testcase classname="tests.unit.cache.test_cache_warmup_core.TestAccessPatternAnalyzer" name="test_analyze_patterns" time="0.001" /><testcase classname="tests.unit.cache.test_cache_warmup_core.TestAccessPatternAnalyzer" name="test_get_warmup_candidates" time="0.001" /><testcase classname="tests.unit.cache.test_cache_warmup_core.TestAccessPatternAnalyzer" name="test_find_correlated_keys" time="0.001" /><testcase classname="tests.unit.cache.test_cache_warmup_core.TestIntelligentCacheWarmupManager" name="test_manager_initialization" time="0.002" /><testcase classname="tests.unit.cache.test_cache_warmup_core.TestIntelligentCacheWarmupManager" name="test_manager_default_config" time="0.002" /><testcase classname="tests.unit.cache.test_cache_warmup_core.TestIntelligentCacheWarmupManager" name="test_register_data_loader" time="0.002" /><testcase classname="tests.unit.cache.test_cache_warmup_core.TestIntelligentCacheWarmupManager" name="test_get_data_loader" time="0.002" /><testcase classname="tests.unit.cache.test_cache_warmup_core.TestIntelligentCacheWarmupManager" name="test_determine_priority" time="0.002" /><testcase classname="tests.unit.cache.test_cache_warmup_core.TestIntelligentCacheWarmupManager" name="test_get_priority_value" time="0.002" /><testcase classname="tests.unit.cache.test_cache_warmup_core.TestIntelligentCacheWarmupManager" name="test_evaluate_business_rule" time="0.002" /><testcase classname="tests.unit.cache.test_cache_warmup_core.TestIntelligentCacheWarmupManager" name="test_add_event_handler" time="0.002" /><testcase classname="tests.unit.cache.test_cache_warmup_core.TestCacheWarmupCore" name="test_basic_workflow_structure" time="0.002" /><testcase classname="tests.unit.cache.test_cache_warmup_core.TestCacheWarmupCore" name="test_strategy_compatibility" time="0.001" /><testcase classname="tests.unit.cache.test_cache_warmup_core.TestCacheWarmupCore" name="test_priority_level_compatibility" time="0.001" /><testcase classname="tests.unit.cache.test_cache_warmup_core.TestCacheWarmupCore" name="test_task_creation_workflow" time="0.001" /><testcase classname="tests.unit.cache.test_cache_warmup_core.TestCacheWarmupCore" name="test_plan_creation_workflow" time="0.001" /><testcase classname="tests.unit.cache.test_cache_warmup_core.TestCacheWarmupCore" name="test_analyzer_workflow" time="0.001" /><testcase classname="tests.unit.cache.test_cache_warmup_core.TestPredictiveModel" name="test_simple_frequency_predictor" time="0.001" /><testcase classname="tests.unit.cache.test_cache_warmup_core.TestPredictiveModel" name="test_predictive_model_interface" time="0.001" /><testcase classname="tests.unit.cache.test_cache_warmup_core.TestPredictiveModel" name="test_frequency_predictor_training" time="0.001" /><testcase classname="tests.unit.cache.test_cache_warmup_core.TestPredictiveModel" name="test_frequency_predictor_prediction" time="0.001" /><testcase classname="tests.unit.cache.test_cache_warmup_core.TestComplexAsyncOperations" name="test_create_warmup_plan" time="0.000"><skipped type="pytest.skip" message="Complex async test">/home/runner/work/FootballPrediction/FootballPrediction/tests/unit/cache/test_cache_warmup_core.py:548: Complex async test</skipped></testcase><testcase classname="tests.unit.cache.test_cache_warmup_core.TestComplexAsyncOperations" name="test_execute_warmup_plan" time="0.001"><skipped type="pytest.skip" message="Complex async test">/home/runner/work/FootballPrediction/FootballPrediction/tests/unit/cache/test_cache_warmup_core.py:553: Complex async test</skipped></testcase><testcase classname="tests.unit.cache.test_cache_warmup_core.TestComplexAsyncOperations" name="test_record_access" time="0.000"><skipped type="pytest.skip" message="Complex async test">/home/runner/work/FootballPrediction/FootballPrediction/tests/unit/cache/test_cache_warmup_core.py:558: Complex async test</skipped></testcase><testcase classname="tests.unit.cache.test_cache_warmup_core.TestComplexAsyncOperations" name="test_get_warmup_statistics" time="0.000"><skipped type="pytest.skip" message="Complex async test">/home/runner/work/FootballPrediction/FootballPrediction/tests/unit/cache/test_cache_warmup_core.py:563: Complex async test</skipped></testcase><testcase classname="tests.unit.cache.test_cache_warmup_core.TestComplexAsyncOperations" name="test_auto_warmup" time="0.000"><skipped type="pytest.skip" message="Complex async test">/home/runner/work/FootballPrediction/FootballPrediction/tests/unit/cache/test_cache_warmup_core.py:568: Complex async test</skipped></testcase><testcase classname="tests.unit.cache.test_football_data_cache.TestFootballDataCache" name="test_cache_config_initialization" time="0.001" /><testcase classname="tests.unit.cache.test_football_data_cache.TestFootballDataCache" name="test_football_data_cache_manager_initialization" time="0.002" /><testcase classname="tests.unit.cache.test_football_data_cache.TestFootballDataCache" name="test_league_data_caching" time="0.005" /><testcase classname="tests.unit.cache.test_football_data_cache.TestFootballDataCache" name="test_league_data_caching_missing_id" time="0.003" /><testcase classname="tests.unit.cache.test_football_data_cache.TestFootballDataCache" name="test_get_cached_league" time="0.000"><skipped type="pytest.skip" message="Async test needs more work - CI priority fix">/home/runner/work/FootballPrediction/FootballPrediction/tests/unit/cache/test_football_data_cache.py:160: Async test needs more work - CI priority fix</skipped></testcase><testcase classname="tests.unit.cache.test_football_data_cache.TestFootballDataCache" name="test_get_cached_league_not_found" time="0.000"><skipped type="pytest.skip" message="Async test needs more work - CI priority fix">/home/runner/work/FootballPrediction/FootballPrediction/tests/unit/cache/test_football_data_cache.py:178: Async test needs more work - CI priority fix</skipped></testcase><testcase classname="tests.unit.cache.test_football_data_cache.TestFootballDataCache" name="test_team_data_caching" time="0.001"><skipped type="pytest.skip" message="Async test needs more work - CI priority fix">/home/runner/work/FootballPrediction/FootballPrediction/tests/unit/cache/test_football_data_cache.py:196: Async test needs more work - CI priority fix</skipped></testcase><testcase classname="tests.unit.cache.test_football_data_cache.TestFootballDataCache" name="test_match_data_caching" time="0.000"><skipped type="pytest.skip" message="Async test needs more work - CI priority fix">/home/runner/work/FootballPrediction/FootballPrediction/tests/unit/cache/test_football_data_cache.py:219: Async test needs more work - CI priority fix</skipped></testcase><testcase classname="tests.unit.cache.test_football_data_cache.TestFootballDataCache" name="test_api_response_caching" time="0.000"><skipped type="pytest.skip" message="Async test needs more work - CI priority fix">/home/runner/work/FootballPrediction/FootballPrediction/tests/unit/cache/test_football_data_cache.py:242: Async test needs more work - CI priority fix</skipped></testcase><testcase classname="tests.unit.cache.test_football_data_cache.TestFootballDataCache" name="test_get_cached_api_response" time="0.000"><skipped type="pytest.skip" message="Async test needs more work - CI priority fix">/home/runner/work/FootballPrediction/FootballPrediction/tests/unit/cache/test_football_data_cache.py:271: Async test needs more work - CI priority fix</skipped></testcase><testcase classname="tests.unit.cache.test_football_data_cache.TestFootballDataCache" name="test_cache_key_generation" time="0.000"><skipped type="pytest.skip" message="Cache key generation test needs more work - CI priority fix">/home/runner/work/FootballPrediction/FootballPrediction/tests/unit/cache/test_football_data_cache.py:291: Cache key generation test needs more work - CI priority fix</skipped></testcase><testcase classname="tests.unit.cache.test_football_data_cache.TestFootballDataCache" name="test_error_handling_redis_failure" time="0.000"><skipped type="pytest.skip" message="Async test needs more work - CI priority fix">/home/runner/work/FootballPrediction/FootballPrediction/tests/unit/cache/test_football_data_cache.py:318: Async test needs more work - CI priority fix</skipped></testcase><testcase classname="tests.unit.cache.test_football_data_cache.TestFootballDataCache" name="test_error_handling_logging" time="0.000"><skipped type="pytest.skip" message="Error handling test needs more work - CI priority fix">/home/runner/work/FootballPrediction/FootballPrediction/tests/unit/cache/test_football_data_cache.py:335: Error handling test needs more work - CI priority fix</skipped></testcase><testcase classname="tests.unit.cache.test_football_data_cache.TestFootballDataCache" name="test_complex_data_serialization" time="0.000"><skipped type="pytest.skip" message="Async test needs more work - CI priority fix">/home/runner/work/FootballPrediction/FootballPrediction/tests/unit/cache/test_football_data_cache.py:356: Async test needs more work - CI priority fix</skipped></testcase><testcase classname="tests.unit.cache.test_football_data_cache.TestFootballDataCache" name="test_config_ttl_conversion" time="0.001" /><testcase classname="tests.unit.cache.test_football_data_cache.TestFootballDataCache" name="test_cache_invalidation" time="0.000"><skipped type="pytest.skip" message="Async test needs more work - CI priority fix">/home/runner/work/FootballPrediction/FootballPrediction/tests/unit/cache/test_football_data_cache.py:402: Async test needs more work - CI priority fix</skipped></testcase><testcase classname="tests.unit.cache.test_unified_cache.TestUnifiedCacheManager" name="test_cache_manager_initialization" time="0.001" /><testcase classname="tests.unit.cache.test_unified_cache.TestUnifiedCacheManager" name="test_get_cache_config" time="0.001" /><testcase classname="tests.unit.cache.test_unified_cache.TestUnifiedCacheManager" name="test_generate_cache_key" time="0.001" /><testcase classname="tests.unit.cache.test_unified_cache.TestUnifiedCacheManager" name="test_update_local_cache" time="0.001" /><testcase classname="tests.unit.cache.test_unified_cache.TestUnifiedCacheManager" name="test_update_local_cache_lru_eviction" time="0.011" /><testcase classname="tests.unit.cache.test_unified_cache.TestUnifiedCacheManager" name="test_get_cache_miss" time="0.002" /><testcase classname="tests.unit.cache.test_unified_cache.TestUnifiedCacheManager" name="test_set_and_get_cache" time="0.002" /><testcase classname="tests.unit.cache.test_unified_cache.TestUnifiedCacheManager" name="test_cache_ttl_expiration" time="1.103" /><testcase classname="tests.unit.cache.test_unified_cache.TestUnifiedCacheManager" name="test_delete_cache" time="0.002" /><testcase classname="tests.unit.cache.test_unified_cache.TestUnifiedCacheManager" name="test_invalidate_pattern" time="0.002" /><testcase classname="tests.unit.cache.test_unified_cache.TestUnifiedCacheManager" name="test_get_cache_stats" time="0.002" /><testcase classname="tests.unit.cache.test_unified_cache.TestUnifiedCacheManager" name="test_serialize_data_string" time="0.002" /><testcase classname="tests.unit.cache.test_unified_cache.TestUnifiedCacheManager" name="test_serialize_data_number" time="0.002" /><testcase classname="tests.unit.cache.test_unified_cache.TestUnifiedCacheManager" name="test_serialize_data_complex" time="0.002" /><testcase classname="tests.unit.cache.test_unified_cache.TestUnifiedCacheManager" name="test_serialize_deserialize_error_handling" time="0.002" /><testcase classname="tests.unit.cache.test_unified_cache.TestCacheDecorators" name="test_cached_decorator_sync_function" time="0.002" /><testcase classname="tests.unit.cache.test_unified_cache.TestCacheDecorators" name="test_cached_decorator_async_function" time="0.167" /><testcase classname="tests.unit.cache.test_unified_cache.TestCacheDecorators" name="test_performance_monitor_decorator" time="0.012" /><testcase classname="tests.unit.cache.test_unified_cache.TestCacheDecorators" name="test_combined_decorators" time="0.003" /><testcase classname="tests.unit.cache.test_unified_cache.TestCacheWithRedis" name="test_redis_cache_integration" time="0.006" /><testcase classname="tests.unit.cache.test_unified_cache.TestGlobalFunctions" name="test_get_cache_manager_singleton" time="0.001" /><testcase classname="tests.unit.cache.test_unified_cache.TestCacheIntegration" name="test_cache_workflow" time="0.002" /><testcase classname="tests.unit.cache.test_unified_cache.TestCacheIntegration" name="test_cache_performance" time="0.002" /><testcase classname="tests.unit.cache.test_unified_interface_safety.TestUnifiedInterfaceSafetyNet" name="test_unified_cache_initialization_memory" time="0.005" /><testcase classname="tests.unit.cache.test_unified_interface_safety.TestUnifiedInterfaceSafetyNet" name="test_unified_cache_initialization_redis" time="0.004" /><testcase classname="tests.unit.cache.test_unified_interface_safety.TestUnifiedInterfaceSafetyNet" name="test_set_get_happy_path_memory" time="0.006" /><testcase classname="tests.unit.cache.test_unified_interface_safety.TestUnifiedInterfaceSafetyNet" name="test_get_cache_hit_happy_path_memory" time="0.005" /><testcase classname="tests.unit.cache.test_unified_interface_safety.TestUnifiedInterfaceSafetyNet" name="test_get_cache_miss_happy_path_memory" time="0.005" /><testcase classname="tests.unit.cache.test_unified_interface_safety.TestUnifiedInterfaceSafetyNet" name="test_delete_happy_path_memory" time="0.005" /><testcase classname="tests.unit.cache.test_unified_interface_safety.TestUnifiedInterfaceSafetyNet" name="test_exists_happy_path_memory" time="0.005" /><testcase classname="tests.unit.cache.test_unified_interface_safety.TestUnifiedInterfaceSafetyNet" name="test_clear_happy_path_memory" time="0.006" /><testcase classname="tests.unit.cache.test_unified_interface_safety.TestUnifiedInterfaceSafetyNet" name="test_set_get_happy_path_redis" time="0.005" /><testcase classname="tests.unit.cache.test_unified_interface_safety.TestUnifiedInterfaceSafetyNet" name="test_set_invalid_key_memory" time="0.007" /><testcase classname="tests.unit.cache.test_unified_interface_safety.TestUnifiedInterfaceSafetyNet" name="test_get_none_key_memory" time="0.005" /><testcase classname="tests.unit.cache.test_unified_interface_safety.TestUnifiedInterfaceSafetyNet" name="test_delete_none_key_memory" time="0.005" /><testcase classname="tests.unit.cache.test_unified_interface_safety.TestUnifiedInterfaceSafetyNet" name="test_delete_non_existent_key_memory" time="0.005" /><testcase classname="tests.unit.cache.test_unified_interface_safety.TestUnifiedInterfaceSafetyNet" name="test_set_redis_failure" time="0.004" /><testcase classname="tests.unit.cache.test_unified_interface_safety.TestUnifiedInterfaceSafetyNet" name="test_get_redis_failure" time="0.004" /><testcase classname="tests.unit.cache.test_unified_interface_safety.TestUnifiedInterfaceSafetyNet" name="test_deserialize_value_failure" time="0.003" /><testcase classname="tests.unit.cache.test_unified_interface_safety.TestUnifiedInterfaceSafetyNet" name="test_serialize_value_failure" time="0.003" /><testcase classname="tests.unit.cache.test_unified_interface_safety.TestUnifiedInterfaceSafetyNet" name="test_cache_config_validation" time="0.001" /><testcase classname="tests.unit.cache.test_unified_interface_safety.TestUnifiedInterfaceSafetyNet" name="test_memory_cache_adapter_creation" time="0.003" /><testcase classname="tests.unit.cache.test_unified_interface_safety.TestUnifiedInterfaceSafetyNet" name="test_redis_cache_adapter_creation" time="0.003" /><testcase classname="tests.unit.cache.test_unified_interface_safety.TestUnifiedInterfaceSafetyNet" name="test_multi_level_cache_adapter_creation" time="0.006" /><testcase classname="tests.unit.cache.test_unified_interface_safety.TestUnifiedInterfaceSafetyNet" name="test_cache_interface_abc" time="0.001" /><testcase classname="tests.unit.collectors.test_data_sources.TestMockDataAdapter" name="test_get_matches_returns_data" time="0.002" /><testcase classname="tests.unit.collectors.test_data_sources.TestMockDataAdapter" name="test_get_teams_returns_data" time="0.002" /><testcase classname="tests.unit.collectors.test_data_sources.TestMockDataAdapter" name="test_get_odds_returns_data" time="0.002" /><testcase classname="tests.unit.collectors.test_data_sources.TestFootballDataOrgAdapter" name="test_get_matches_success" time="0.007" /><testcase classname="tests.unit.collectors.test_data_sources.TestFootballDataOrgAdapter" name="test_get_matches_with_date_filter" time="0.006" /><testcase classname="tests.unit.collectors.test_data_sources.TestFootballDataOrgAdapter" name="test_get_matches_api_error" time="0.006" /><testcase classname="tests.unit.collectors.test_data_sources.TestFootballDataOrgAdapter" name="test_get_matches_network_error" time="0.003" /><testcase classname="tests.unit.collectors.test_data_sources.TestFootballDataOrgAdapter" name="test_get_teams_success" time="0.006" /><testcase classname="tests.unit.collectors.test_data_sources.TestFootballDataOrgAdapter" name="test_get_teams_no_league_id" time="0.002" /><testcase classname="tests.unit.collectors.test_data_sources.TestFootballDataOrgAdapter" name="test_get_teams_api_error" time="0.006" /><testcase classname="tests.unit.collectors.test_data_sources.TestFootballDataOrgAdapter" name="test_get_odds_not_implemented" time="0.002" /><testcase classname="tests.unit.collectors.test_data_sources.TestFootballDataOrgAdapter" name="test_parse_match_data_invalid_data" time="0.001" /><testcase classname="tests.unit.collectors.test_data_sources.TestFootballDataOrgAdapter" name="test_parse_team_data_invalid_data" time="0.001" /><testcase classname="tests.unit.collectors.test_data_sources.TestEnhancedFootballDataOrgAdapter" name="test_validate_api_key_success" time="0.003" /><testcase classname="tests.unit.collectors.test_data_sources.TestEnhancedFootballDataOrgAdapter" name="test_validate_api_key_failure" time="0.003" /><testcase classname="tests.unit.collectors.test_data_sources.TestEnhancedFootballDataOrgAdapter" name="test_parse_match_data_enhanced_validation" time="0.001" /><testcase classname="tests.unit.collectors.test_data_sources.TestEnhancedFootballDataOrgAdapter" name="test_parse_team_data_enhanced_validation" time="0.001" /><testcase classname="tests.unit.collectors.test_data_sources.TestEnhancedFootballDataOrgAdapter" name="test_check_rate_limit_logic" time="0.003" /><testcase classname="tests.unit.collectors.test_data_sources.TestEnhancedFootballDataOrgAdapter" name="test_get_matches_by_date_wrapper" time="0.003" /><testcase classname="tests.unit.collectors.test_data_sources.TestEnhancedFootballDataOrgAdapter" name="test_get_upcoming_matches_wrapper" time="0.003" /><testcase classname="tests.unit.collectors.test_data_sources.TestEnhancedFootballDataOrgAdapter" name="test_get_odds_enhanced" time="0.002" /><testcase classname="tests.unit.collectors.test_data_sources.TestDataSourceManager" name="test_initialization_with_api_key" time="0.003" /><testcase classname="tests.unit.collectors.test_data_sources.TestDataSourceManager" name="test_initialization_without_api_key" time="0.003" /><testcase classname="tests.unit.collectors.test_data_sources.TestDataSourceManager" name="test_get_primary_adapter_priority" time="0.003" /><testcase classname="tests.unit.collectors.test_data_sources.TestDataSourceManager" name="test_get_primary_adapter_fallback" time="0.003" /><testcase classname="tests.unit.collectors.test_data_sources.TestDataSourceManager" name="test_get_adapter_by_name" time="0.001" /><testcase classname="tests.unit.collectors.test_data_sources.TestDataSourceManager" name="test_get_available_sources" time="0.001" /><testcase classname="tests.unit.collectors.test_data_sources.TestDataSourceManager" name="test_validate_adapters" time="0.002" /><testcase classname="tests.unit.collectors.test_data_sources.TestDataSourceManager" name="test_collect_all_matches" time="0.002" /><testcase classname="tests.unit.collectors.test_data_sources.TestDataSourceManager" name="test_collect_all_matches_with_error" time="0.005" /><testcase classname="tests.unit.collectors.test_data_sources" name="test_data_models" time="0.001" /><testcase classname="tests.unit.collectors.test_data_sources" name="test_adapter_abstract_methods" time="0.001" /><testcase classname="tests.unit.collectors.test_data_sources.TestDataSourcesSecurityEnhanced" name="test_404_not_found_detailed_handling" time="0.008" /><testcase classname="tests.unit.collectors.test_data_sources.TestDataSourcesSecurityEnhanced" name="test_429_rate_limiting_with_retry_after" time="0.004" /><testcase classname="tests.unit.collectors.test_data_sources.TestDataSourcesSecurityEnhanced" name="test_500_internal_server_error_with_details" time="0.676" /><testcase classname="tests.unit.collectors.test_data_sources.TestDataSourcesSecurityEnhanced" name="test_timeout_with_retry_mechanism" time="0.515" /><testcase classname="tests.unit.collectors.test_data_sources.TestDataSourcesSecurityEnhanced" name="test_connection_error_with_exponential_backoff" time="0.525" /><testcase classname="tests.unit.collectors.test_data_sources.TestDataSourcesSecurityEnhanced" name="test_input_validation_xss_prevention" time="0.008" /><testcase classname="tests.unit.collectors.test_data_sources.TestDataSourcesSecurityEnhanced" name="test_input_validation_sql_injection" time="0.004" /><testcase classname="tests.unit.collectors.test_data_sources.TestDataSourcesSecurityEnhanced" name="test_output_sanitization_malicious_data" time="0.002" /><testcase classname="tests.unit.collectors.test_data_sources.TestDataSourcesSecurityEnhanced" name="test_data_integrity_validation_missing_fields" time="0.002" /><testcase classname="tests.unit.collectors.test_data_sources.TestDataSourcesSecurityEnhanced" name="test_rate_limiting_enhanced_enforcement" time="0.004" /><testcase classname="tests.unit.collectors.test_data_sources.TestDataSourcesSecurityEnhanced" name="test_api_key_validation_invalid_key" time="0.003" /><testcase classname="tests.unit.collectors.test_data_sources.TestDataSourcesSecurityEnhanced" name="test_api_key_header_injection_prevention" time="0.009" /><testcase classname="tests.unit.collectors.test_data_sources.TestDataSourcesSecurityEnhanced" name="test_missing_api_key_graceful_degradation" time="8.887" /><testcase classname="tests.unit.collectors.test_data_sources.TestDataSourcesSecurityEnhanced" name="test_malformed_json_handling_enhanced" time="0.003" /><testcase classname="tests.unit.collectors.test_data_sources.TestDataSourcesSecurityEnhanced" name="test_massive_data_payload_dos_protection" time="0.008"><failure message="AssertionError: assert False&#10; +  where False = isinstance(&lt;AsyncMock name='_fetch_matches_from_url()' id='140557129983056'&gt;, list)">tests/unit/collectors/test_data_sources.py:860: in test_massive_data_payload_dos_protection
    assert isinstance(result, list)
E   AssertionError: assert False
E    +  where False = isinstance(&lt;AsyncMock name='_fetch_matches_from_url()' id='140557129983056'&gt;, list)</failure></testcase></testsuite></testsuites>